<?xml version="1.0"?>
<link_info>
   <banner>MSP430 Linker PC v4.3.3</banner>
   <copyright>Copyright (c) 2003-2014 Texas Instruments Incorporated</copyright>
   <link_time>0x564cefc5</link_time>
   <link_errors>0x0</link_errors>
   <output_file>ECEN260Lab9a.out</output_file>
   <entry_point>
      <name>_c_int00</name>
      <address>0xcaa8</address>
   </entry_point>
   <input_file_list>
      <input_file id="fl-2">
         <path>.\</path>
         <kind>object</kind>
         <file>main.obj</file>
         <name>main.obj</name>
      </input_file>
      <input_file id="fl-30">
         <path>c:\ti\ccsv6\tools\compiler\msp430_4.3.3\lib\</path>
         <kind>archive</kind>
         <file>rts430.lib</file>
         <name>boot.obj</name>
      </input_file>
      <input_file id="fl-31">
         <path>c:\ti\ccsv6\tools\compiler\msp430_4.3.3\lib\</path>
         <kind>archive</kind>
         <file>rts430.lib</file>
         <name>copy_decompress_none.obj</name>
      </input_file>
      <input_file id="fl-32">
         <path>c:\ti\ccsv6\tools\compiler\msp430_4.3.3\lib\</path>
         <kind>archive</kind>
         <file>rts430.lib</file>
         <name>copy_decompress_rle.obj</name>
      </input_file>
      <input_file id="fl-33">
         <path>c:\ti\ccsv6\tools\compiler\msp430_4.3.3\lib\</path>
         <kind>archive</kind>
         <file>rts430.lib</file>
         <name>copy_zero_init.obj</name>
      </input_file>
      <input_file id="fl-34">
         <path>c:\ti\ccsv6\tools\compiler\msp430_4.3.3\lib\</path>
         <kind>archive</kind>
         <file>rts430.lib</file>
         <name>div16s.obj</name>
      </input_file>
      <input_file id="fl-35">
         <path>c:\ti\ccsv6\tools\compiler\msp430_4.3.3\lib\</path>
         <kind>archive</kind>
         <file>rts430.lib</file>
         <name>div16u.obj</name>
      </input_file>
      <input_file id="fl-36">
         <path>c:\ti\ccsv6\tools\compiler\msp430_4.3.3\lib\</path>
         <kind>archive</kind>
         <file>rts430.lib</file>
         <name>div32s.obj</name>
      </input_file>
      <input_file id="fl-37">
         <path>c:\ti\ccsv6\tools\compiler\msp430_4.3.3\lib\</path>
         <kind>archive</kind>
         <file>rts430.lib</file>
         <name>div32u.obj</name>
      </input_file>
      <input_file id="fl-38">
         <path>c:\ti\ccsv6\tools\compiler\msp430_4.3.3\lib\</path>
         <kind>archive</kind>
         <file>rts430.lib</file>
         <name>epilog.obj</name>
      </input_file>
      <input_file id="fl-39">
         <path>c:\ti\ccsv6\tools\compiler\msp430_4.3.3\lib\</path>
         <kind>archive</kind>
         <file>rts430.lib</file>
         <name>exit.obj</name>
      </input_file>
      <input_file id="fl-3a">
         <path>c:\ti\ccsv6\tools\compiler\msp430_4.3.3\lib\</path>
         <kind>archive</kind>
         <file>rts430.lib</file>
         <name>fs_add.obj</name>
      </input_file>
      <input_file id="fl-3b">
         <path>c:\ti\ccsv6\tools\compiler\msp430_4.3.3\lib\</path>
         <kind>archive</kind>
         <file>rts430.lib</file>
         <name>fs_itof.obj</name>
      </input_file>
      <input_file id="fl-3c">
         <path>c:\ti\ccsv6\tools\compiler\msp430_4.3.3\lib\</path>
         <kind>archive</kind>
         <file>rts430.lib</file>
         <name>fs_mpy.obj</name>
      </input_file>
      <input_file id="fl-3d">
         <path>c:\ti\ccsv6\tools\compiler\msp430_4.3.3\lib\</path>
         <kind>archive</kind>
         <file>rts430.lib</file>
         <name>fs_toi.obj</name>
      </input_file>
      <input_file id="fl-3e">
         <path>c:\ti\ccsv6\tools\compiler\msp430_4.3.3\lib\</path>
         <kind>archive</kind>
         <file>rts430.lib</file>
         <name>int02.obj</name>
      </input_file>
      <input_file id="fl-3f">
         <path>c:\ti\ccsv6\tools\compiler\msp430_4.3.3\lib\</path>
         <kind>archive</kind>
         <file>rts430.lib</file>
         <name>int03.obj</name>
      </input_file>
      <input_file id="fl-40">
         <path>c:\ti\ccsv6\tools\compiler\msp430_4.3.3\lib\</path>
         <kind>archive</kind>
         <file>rts430.lib</file>
         <name>int05.obj</name>
      </input_file>
      <input_file id="fl-41">
         <path>c:\ti\ccsv6\tools\compiler\msp430_4.3.3\lib\</path>
         <kind>archive</kind>
         <file>rts430.lib</file>
         <name>int07.obj</name>
      </input_file>
      <input_file id="fl-42">
         <path>c:\ti\ccsv6\tools\compiler\msp430_4.3.3\lib\</path>
         <kind>archive</kind>
         <file>rts430.lib</file>
         <name>int08.obj</name>
      </input_file>
      <input_file id="fl-43">
         <path>c:\ti\ccsv6\tools\compiler\msp430_4.3.3\lib\</path>
         <kind>archive</kind>
         <file>rts430.lib</file>
         <name>int09.obj</name>
      </input_file>
      <input_file id="fl-44">
         <path>c:\ti\ccsv6\tools\compiler\msp430_4.3.3\lib\</path>
         <kind>archive</kind>
         <file>rts430.lib</file>
         <name>int10.obj</name>
      </input_file>
      <input_file id="fl-45">
         <path>c:\ti\ccsv6\tools\compiler\msp430_4.3.3\lib\</path>
         <kind>archive</kind>
         <file>rts430.lib</file>
         <name>int11.obj</name>
      </input_file>
      <input_file id="fl-46">
         <path>c:\ti\ccsv6\tools\compiler\msp430_4.3.3\lib\</path>
         <kind>archive</kind>
         <file>rts430.lib</file>
         <name>int12.obj</name>
      </input_file>
      <input_file id="fl-47">
         <path>c:\ti\ccsv6\tools\compiler\msp430_4.3.3\lib\</path>
         <kind>archive</kind>
         <file>rts430.lib</file>
         <name>int13.obj</name>
      </input_file>
      <input_file id="fl-48">
         <path>c:\ti\ccsv6\tools\compiler\msp430_4.3.3\lib\</path>
         <kind>archive</kind>
         <file>rts430.lib</file>
         <name>int14.obj</name>
      </input_file>
      <input_file id="fl-49">
         <path>c:\ti\ccsv6\tools\compiler\msp430_4.3.3\lib\</path>
         <kind>archive</kind>
         <file>rts430.lib</file>
         <name>isr_trap.obj</name>
      </input_file>
      <input_file id="fl-4a">
         <path>c:\ti\ccsv6\tools\compiler\msp430_4.3.3\lib\</path>
         <kind>archive</kind>
         <file>rts430.lib</file>
         <name>memcpy.obj</name>
      </input_file>
      <input_file id="fl-4b">
         <path>c:\ti\ccsv6\tools\compiler\msp430_4.3.3\lib\</path>
         <kind>archive</kind>
         <file>rts430.lib</file>
         <name>mpu_init.obj</name>
      </input_file>
      <input_file id="fl-4c">
         <path>c:\ti\ccsv6\tools\compiler\msp430_4.3.3\lib\</path>
         <kind>archive</kind>
         <file>rts430.lib</file>
         <name>mult16.obj</name>
      </input_file>
      <input_file id="fl-4d">
         <path>c:\ti\ccsv6\tools\compiler\msp430_4.3.3\lib\</path>
         <kind>archive</kind>
         <file>rts430.lib</file>
         <name>mult32.obj</name>
      </input_file>
      <input_file id="fl-4e">
         <path>c:\ti\ccsv6\tools\compiler\msp430_4.3.3\lib\</path>
         <kind>archive</kind>
         <file>rts430.lib</file>
         <name>pre_init.obj</name>
      </input_file>
      <input_file id="fl-4f">
         <path>c:\ti\ccsv6\tools\compiler\msp430_4.3.3\lib\</path>
         <kind>archive</kind>
         <file>rts430.lib</file>
         <name>_lock.obj</name>
      </input_file>
      <input_file id="fl-50">
         <path>c:\ti\ccsv6\tools\compiler\msp430_4.3.3\lib\</path>
         <kind>archive</kind>
         <file>rts430.lib</file>
         <name>args_main.obj</name>
      </input_file>
      <input_file id="fl-51">
         <path>c:\ti\ccsv6\tools\compiler\msp430_4.3.3\lib\</path>
         <kind>archive</kind>
         <file>rts430.lib</file>
         <name>autoinit.obj</name>
      </input_file>
   </input_file_list>
   <object_component_list>
      <object_component id="oc-3b">
         <name>.bss</name>
         <uninitialized>true</uninitialized>
         <run_address>0x200</run_address>
         <size>0xc</size>
         <input_file_ref idref="fl-2"/>
      </object_component>
      <object_component id="oc-43">
         <name>.bss</name>
         <uninitialized>true</uninitialized>
         <run_address>0x210</run_address>
         <size>0x4</size>
         <input_file_ref idref="fl-30"/>
      </object_component>
      <object_component id="oc-a9">
         <name>.bss</name>
         <uninitialized>true</uninitialized>
         <run_address>0x20c</run_address>
         <size>0x4</size>
         <input_file_ref idref="fl-4f"/>
      </object_component>
      <object_component id="oc-45">
         <name>.stack</name>
         <uninitialized>true</uninitialized>
         <run_address>0x3b0</run_address>
         <size>0x2</size>
         <input_file_ref idref="fl-30"/>
      </object_component>
      <object_component id="oc-fa">
         <name>.stack</name>
         <uninitialized>true</uninitialized>
         <run_address>0x3b0</run_address>
         <size>0x0</size>
      </object_component>
      <object_component id="oc-c5">
         <name>.text:initLCD</name>
         <load_address>0xc000</load_address>
         <run_address>0xc000</run_address>
         <size>0x2c0</size>
         <input_file_ref idref="fl-2"/>
      </object_component>
      <object_component id="oc-77">
         <name>.text</name>
         <load_address>0xc2c0</load_address>
         <run_address>0xc2c0</run_address>
         <size>0x130</size>
         <input_file_ref idref="fl-3a"/>
      </object_component>
      <object_component id="oc-c7">
         <name>.text:getTSPoint</name>
         <load_address>0xc3f0</load_address>
         <run_address>0xc3f0</run_address>
         <size>0xfa</size>
         <input_file_ref idref="fl-2"/>
      </object_component>
      <object_component id="oc-cd">
         <name>.text:fillCircleHelper</name>
         <load_address>0xc4ea</load_address>
         <run_address>0xc4ea</run_address>
         <size>0xc8</size>
         <input_file_ref idref="fl-2"/>
      </object_component>
      <object_component id="oc-81">
         <name>.text</name>
         <load_address>0xc5b2</load_address>
         <run_address>0xc5b2</run_address>
         <size>0xc2</size>
         <input_file_ref idref="fl-3c"/>
      </object_component>
      <object_component id="oc-ce">
         <name>.text:fillRectangle</name>
         <load_address>0xc674</load_address>
         <run_address>0xc674</run_address>
         <size>0xa6</size>
         <input_file_ref idref="fl-2"/>
      </object_component>
      <object_component id="oc-c8">
         <name>.text:calibratePoint</name>
         <load_address>0xc71a</load_address>
         <run_address>0xc71a</run_address>
         <size>0x94</size>
         <input_file_ref idref="fl-2"/>
      </object_component>
      <object_component id="oc-c6">
         <name>.text:fillScreen</name>
         <load_address>0xc7ae</load_address>
         <run_address>0xc7ae</run_address>
         <size>0x86</size>
         <input_file_ref idref="fl-2"/>
      </object_component>
      <object_component id="oc-86">
         <name>.text</name>
         <load_address>0xc834</load_address>
         <run_address>0xc834</run_address>
         <size>0x68</size>
         <input_file_ref idref="fl-3d"/>
      </object_component>
      <object_component id="oc-bd">
         <name>.text:main</name>
         <load_address>0xc89c</load_address>
         <run_address>0xc89c</run_address>
         <size>0x66</size>
         <input_file_ref idref="fl-2"/>
      </object_component>
      <object_component id="oc-69">
         <name>.text</name>
         <load_address>0xc902</load_address>
         <run_address>0xc902</run_address>
         <size>0x58</size>
         <input_file_ref idref="fl-37"/>
      </object_component>
      <object_component id="oc-bc">
         <name>.text:_auto_init</name>
         <load_address>0xc95a</load_address>
         <run_address>0xc95a</run_address>
         <size>0x48</size>
         <input_file_ref idref="fl-51"/>
      </object_component>
      <object_component id="oc-64">
         <name>.text</name>
         <load_address>0xc9a2</load_address>
         <run_address>0xc9a2</run_address>
         <size>0x40</size>
         <input_file_ref idref="fl-36"/>
      </object_component>
      <object_component id="oc-c9">
         <name>.text:fillCircle</name>
         <load_address>0xc9e2</load_address>
         <run_address>0xc9e2</run_address>
         <size>0x38</size>
         <input_file_ref idref="fl-2"/>
      </object_component>
      <object_component id="oc-7c">
         <name>.text</name>
         <load_address>0xca1a</load_address>
         <run_address>0xca1a</run_address>
         <size>0x36</size>
         <input_file_ref idref="fl-3b"/>
      </object_component>
      <object_component id="oc-c2">
         <name>.text:initPins</name>
         <load_address>0xca50</load_address>
         <run_address>0xca50</run_address>
         <size>0x2c</size>
         <input_file_ref idref="fl-2"/>
      </object_component>
      <object_component id="oc-5a">
         <name>.text</name>
         <load_address>0xca7c</load_address>
         <run_address>0xca7c</run_address>
         <size>0x2c</size>
         <input_file_ref idref="fl-34"/>
      </object_component>
      <object_component id="oc-3a">
         <name>.text:_c_int00_noexit</name>
         <load_address>0xcaa8</load_address>
         <run_address>0xcaa8</run_address>
         <size>0x26</size>
         <input_file_ref idref="fl-30"/>
      </object_component>
      <object_component id="oc-9f">
         <name>.text</name>
         <load_address>0xcace</load_address>
         <run_address>0xcace</run_address>
         <size>0x26</size>
         <input_file_ref idref="fl-4d"/>
      </object_component>
      <object_component id="oc-c3">
         <name>.text:initUSCI</name>
         <load_address>0xcaf4</load_address>
         <run_address>0xcaf4</run_address>
         <size>0x20</size>
         <input_file_ref idref="fl-2"/>
      </object_component>
      <object_component id="oc-cc">
         <name>.text:drawFastVLine</name>
         <load_address>0xcb14</load_address>
         <run_address>0xcb14</run_address>
         <size>0x1a</size>
         <input_file_ref idref="fl-2"/>
      </object_component>
      <object_component id="oc-5f">
         <name>.text</name>
         <load_address>0xcb2e</load_address>
         <run_address>0xcb2e</run_address>
         <size>0x16</size>
         <input_file_ref idref="fl-35"/>
      </object_component>
      <object_component id="oc-c4">
         <name>.text:waitMS</name>
         <load_address>0xcb44</load_address>
         <run_address>0xcb44</run_address>
         <size>0x16</size>
         <input_file_ref idref="fl-2"/>
      </object_component>
      <object_component id="oc-9a">
         <name>.text</name>
         <load_address>0xcb5a</load_address>
         <run_address>0xcb5a</run_address>
         <size>0x14</size>
         <input_file_ref idref="fl-4c"/>
      </object_component>
      <object_component id="oc-ca">
         <name>.text:writeLCDControl</name>
         <load_address>0xcb6e</load_address>
         <run_address>0xcb6e</run_address>
         <size>0x14</size>
         <input_file_ref idref="fl-2"/>
      </object_component>
      <object_component id="oc-cb">
         <name>.text:writeLCDData</name>
         <load_address>0xcb82</load_address>
         <run_address>0xcb82</run_address>
         <size>0x14</size>
         <input_file_ref idref="fl-2"/>
      </object_component>
      <object_component id="oc-bf">
         <name>.text:memcpy</name>
         <load_address>0xcb96</load_address>
         <run_address>0xcb96</run_address>
         <size>0x12</size>
         <input_file_ref idref="fl-4a"/>
      </object_component>
      <object_component id="oc-c0">
         <name>.text</name>
         <load_address>0xcba8</load_address>
         <run_address>0xcba8</run_address>
         <size>0x10</size>
         <input_file_ref idref="fl-38"/>
      </object_component>
      <object_component id="oc-c1">
         <name>.text:initClk</name>
         <load_address>0xcbb8</load_address>
         <run_address>0xcbb8</run_address>
         <size>0xe</size>
         <input_file_ref idref="fl-2"/>
      </object_component>
      <object_component id="oc-b9">
         <name>.text:USCI</name>
         <load_address>0xcbc6</load_address>
         <run_address>0xcbc6</run_address>
         <size>0xa</size>
         <input_file_ref idref="fl-2"/>
      </object_component>
      <object_component id="oc-8b">
         <name>.text:__TI_ISR_TRAP</name>
         <load_address>0xcbd0</load_address>
         <run_address>0xcbd0</run_address>
         <size>0x6</size>
         <input_file_ref idref="fl-49"/>
      </object_component>
      <object_component id="oc-bb">
         <name>.text:_system_pre_init</name>
         <load_address>0xcbd6</load_address>
         <run_address>0xcbd6</run_address>
         <size>0x4</size>
         <input_file_ref idref="fl-4e"/>
      </object_component>
      <object_component id="oc-be">
         <name>.text:abort</name>
         <load_address>0xcbda</load_address>
         <run_address>0xcbda</run_address>
         <size>0x4</size>
         <input_file_ref idref="fl-39"/>
      </object_component>
      <object_component id="oc-ba">
         <name>.text:_nop</name>
         <load_address>0xcbde</load_address>
         <run_address>0xcbde</run_address>
         <size>0x2</size>
         <input_file_ref idref="fl-4f"/>
      </object_component>
      <object_component id="oc-3d">
         <name>.cinit</name>
         <load_address>0xcbe0</load_address>
         <run_address>0xcbe0</run_address>
         <size>0x24</size>
         <input_file_ref idref="fl-2"/>
      </object_component>
      <object_component id="oc-3e">
         <name>.const:.string</name>
         <load_address>0xcc06</load_address>
         <run_address>0xcc06</run_address>
         <size>0x12</size>
         <input_file_ref idref="fl-2"/>
      </object_component>
      <object_component id="oc-2e">
         <name>.int02</name>
         <load_address>0xffe4</load_address>
         <run_address>0xffe4</run_address>
         <size>0x2</size>
         <input_file_ref idref="fl-3e"/>
      </object_component>
      <object_component id="oc-2f">
         <name>.int03</name>
         <load_address>0xffe6</load_address>
         <run_address>0xffe6</run_address>
         <size>0x2</size>
         <input_file_ref idref="fl-3f"/>
      </object_component>
      <object_component id="oc-30">
         <name>.int05</name>
         <load_address>0xffea</load_address>
         <run_address>0xffea</run_address>
         <size>0x2</size>
         <input_file_ref idref="fl-40"/>
      </object_component>
      <object_component id="oc-31">
         <name>.int06</name>
         <load_address>0xffec</load_address>
         <run_address>0xffec</run_address>
         <size>0x2</size>
         <input_file_ref idref="fl-2"/>
      </object_component>
      <object_component id="oc-32">
         <name>.int07</name>
         <load_address>0xffee</load_address>
         <run_address>0xffee</run_address>
         <size>0x2</size>
         <input_file_ref idref="fl-41"/>
      </object_component>
      <object_component id="oc-33">
         <name>.int08</name>
         <load_address>0xfff0</load_address>
         <run_address>0xfff0</run_address>
         <size>0x2</size>
         <input_file_ref idref="fl-42"/>
      </object_component>
      <object_component id="oc-34">
         <name>.int09</name>
         <load_address>0xfff2</load_address>
         <run_address>0xfff2</run_address>
         <size>0x2</size>
         <input_file_ref idref="fl-43"/>
      </object_component>
      <object_component id="oc-35">
         <name>.int10</name>
         <load_address>0xfff4</load_address>
         <run_address>0xfff4</run_address>
         <size>0x2</size>
         <input_file_ref idref="fl-44"/>
      </object_component>
      <object_component id="oc-36">
         <name>.int11</name>
         <load_address>0xfff6</load_address>
         <run_address>0xfff6</run_address>
         <size>0x2</size>
         <input_file_ref idref="fl-45"/>
      </object_component>
      <object_component id="oc-37">
         <name>.int12</name>
         <load_address>0xfff8</load_address>
         <run_address>0xfff8</run_address>
         <size>0x2</size>
         <input_file_ref idref="fl-46"/>
      </object_component>
      <object_component id="oc-38">
         <name>.int13</name>
         <load_address>0xfffa</load_address>
         <run_address>0xfffa</run_address>
         <size>0x2</size>
         <input_file_ref idref="fl-47"/>
      </object_component>
      <object_component id="oc-39">
         <name>.int14</name>
         <load_address>0xfffc</load_address>
         <run_address>0xfffc</run_address>
         <size>0x2</size>
         <input_file_ref idref="fl-48"/>
      </object_component>
      <object_component id="oc-46">
         <name>.reset</name>
         <load_address>0xfffe</load_address>
         <run_address>0xfffe</run_address>
         <size>0x2</size>
         <input_file_ref idref="fl-30"/>
      </object_component>
      <object_component id="oc-3c">
         <name>.debug_info</name>
         <load_address>0x0</load_address>
         <run_address>0x0</run_address>
         <size>0x17ee</size>
         <input_file_ref idref="fl-2"/>
      </object_component>
      <object_component id="oc-44">
         <name>.debug_info</name>
         <load_address>0x17ee</load_address>
         <run_address>0x17ee</run_address>
         <size>0x3d9</size>
         <input_file_ref idref="fl-30"/>
      </object_component>
      <object_component id="oc-4b">
         <name>.debug_info</name>
         <load_address>0x1bc7</load_address>
         <run_address>0x1bc7</run_address>
         <size>0x276</size>
         <input_file_ref idref="fl-31"/>
      </object_component>
      <object_component id="oc-50">
         <name>.debug_info</name>
         <load_address>0x1e3d</load_address>
         <run_address>0x1e3d</run_address>
         <size>0x21b</size>
         <input_file_ref idref="fl-32"/>
      </object_component>
      <object_component id="oc-55">
         <name>.debug_info</name>
         <load_address>0x2058</load_address>
         <run_address>0x2058</run_address>
         <size>0x231</size>
         <input_file_ref idref="fl-33"/>
      </object_component>
      <object_component id="oc-5b">
         <name>.debug_info</name>
         <load_address>0x2289</load_address>
         <run_address>0x2289</run_address>
         <size>0xcb</size>
         <input_file_ref idref="fl-34"/>
      </object_component>
      <object_component id="oc-60">
         <name>.debug_info</name>
         <load_address>0x2354</load_address>
         <run_address>0x2354</run_address>
         <size>0xbe</size>
         <input_file_ref idref="fl-35"/>
      </object_component>
      <object_component id="oc-65">
         <name>.debug_info</name>
         <load_address>0x2412</load_address>
         <run_address>0x2412</run_address>
         <size>0xce</size>
         <input_file_ref idref="fl-36"/>
      </object_component>
      <object_component id="oc-6a">
         <name>.debug_info</name>
         <load_address>0x24e0</load_address>
         <run_address>0x24e0</run_address>
         <size>0xc0</size>
         <input_file_ref idref="fl-37"/>
      </object_component>
      <object_component id="oc-6e">
         <name>.debug_info</name>
         <load_address>0x25a0</load_address>
         <run_address>0x25a0</run_address>
         <size>0xc7</size>
         <input_file_ref idref="fl-38"/>
      </object_component>
      <object_component id="oc-72">
         <name>.debug_info</name>
         <load_address>0x2667</load_address>
         <run_address>0x2667</run_address>
         <size>0x29b</size>
         <input_file_ref idref="fl-39"/>
      </object_component>
      <object_component id="oc-78">
         <name>.debug_info</name>
         <load_address>0x2902</load_address>
         <run_address>0x2902</run_address>
         <size>0xc2</size>
         <input_file_ref idref="fl-3a"/>
      </object_component>
      <object_component id="oc-7d">
         <name>.debug_info</name>
         <load_address>0x29c4</load_address>
         <run_address>0x29c4</run_address>
         <size>0xcb</size>
         <input_file_ref idref="fl-3b"/>
      </object_component>
      <object_component id="oc-82">
         <name>.debug_info</name>
         <load_address>0x2a8f</load_address>
         <run_address>0x2a8f</run_address>
         <size>0xc2</size>
         <input_file_ref idref="fl-3c"/>
      </object_component>
      <object_component id="oc-87">
         <name>.debug_info</name>
         <load_address>0x2b51</load_address>
         <run_address>0x2b51</run_address>
         <size>0xd4</size>
         <input_file_ref idref="fl-3d"/>
      </object_component>
      <object_component id="oc-8c">
         <name>.debug_info</name>
         <load_address>0x2c25</load_address>
         <run_address>0x2c25</run_address>
         <size>0xba</size>
         <input_file_ref idref="fl-49"/>
      </object_component>
      <object_component id="oc-90">
         <name>.debug_info</name>
         <load_address>0x2cdf</load_address>
         <run_address>0x2cdf</run_address>
         <size>0x2ba</size>
         <input_file_ref idref="fl-4a"/>
      </object_component>
      <object_component id="oc-95">
         <name>.debug_info</name>
         <load_address>0x2f99</load_address>
         <run_address>0x2f99</run_address>
         <size>0x270</size>
         <input_file_ref idref="fl-4b"/>
      </object_component>
      <object_component id="oc-9b">
         <name>.debug_info</name>
         <load_address>0x3209</load_address>
         <run_address>0x3209</run_address>
         <size>0xbe</size>
         <input_file_ref idref="fl-4c"/>
      </object_component>
      <object_component id="oc-a0">
         <name>.debug_info</name>
         <load_address>0x32c7</load_address>
         <run_address>0x32c7</run_address>
         <size>0xbe</size>
         <input_file_ref idref="fl-4d"/>
      </object_component>
      <object_component id="oc-a4">
         <name>.debug_info</name>
         <load_address>0x3385</load_address>
         <run_address>0x3385</run_address>
         <size>0x22d</size>
         <input_file_ref idref="fl-4e"/>
      </object_component>
      <object_component id="oc-aa">
         <name>.debug_info</name>
         <load_address>0x35b2</load_address>
         <run_address>0x35b2</run_address>
         <size>0x249</size>
         <input_file_ref idref="fl-4f"/>
      </object_component>
      <object_component id="oc-af">
         <name>.debug_info</name>
         <load_address>0x37fb</load_address>
         <run_address>0x37fb</run_address>
         <size>0x288</size>
         <input_file_ref idref="fl-50"/>
      </object_component>
      <object_component id="oc-b4">
         <name>.debug_info</name>
         <load_address>0x3a83</load_address>
         <run_address>0x3a83</run_address>
         <size>0x34f</size>
         <input_file_ref idref="fl-51"/>
      </object_component>
      <object_component id="oc-fb">
         <name>.debug_info</name>
         <load_address>0x3dd2</load_address>
         <run_address>0x3dd2</run_address>
         <size>0x9f</size>
      </object_component>
      <object_component id="oc-3f">
         <name>.debug_frame</name>
         <load_address>0x0</load_address>
         <run_address>0x0</run_address>
         <size>0x20d</size>
         <input_file_ref idref="fl-2"/>
      </object_component>
      <object_component id="oc-47">
         <name>.debug_frame</name>
         <load_address>0x20d</load_address>
         <run_address>0x20d</run_address>
         <size>0x42</size>
         <input_file_ref idref="fl-30"/>
      </object_component>
      <object_component id="oc-4c">
         <name>.debug_frame</name>
         <load_address>0x24f</load_address>
         <run_address>0x24f</run_address>
         <size>0x32</size>
         <input_file_ref idref="fl-31"/>
      </object_component>
      <object_component id="oc-51">
         <name>.debug_frame</name>
         <load_address>0x281</load_address>
         <run_address>0x281</run_address>
         <size>0x32</size>
         <input_file_ref idref="fl-32"/>
      </object_component>
      <object_component id="oc-56">
         <name>.debug_frame</name>
         <load_address>0x2b3</load_address>
         <run_address>0x2b3</run_address>
         <size>0x32</size>
         <input_file_ref idref="fl-33"/>
      </object_component>
      <object_component id="oc-73">
         <name>.debug_frame</name>
         <load_address>0x2e5</load_address>
         <run_address>0x2e5</run_address>
         <size>0x47</size>
         <input_file_ref idref="fl-39"/>
      </object_component>
      <object_component id="oc-91">
         <name>.debug_frame</name>
         <load_address>0x32c</load_address>
         <run_address>0x32c</run_address>
         <size>0x47</size>
         <input_file_ref idref="fl-4a"/>
      </object_component>
      <object_component id="oc-96">
         <name>.debug_frame</name>
         <load_address>0x373</load_address>
         <run_address>0x373</run_address>
         <size>0x32</size>
         <input_file_ref idref="fl-4b"/>
      </object_component>
      <object_component id="oc-a5">
         <name>.debug_frame</name>
         <load_address>0x3a5</load_address>
         <run_address>0x3a5</run_address>
         <size>0x47</size>
         <input_file_ref idref="fl-4e"/>
      </object_component>
      <object_component id="oc-ab">
         <name>.debug_frame</name>
         <load_address>0x3ec</load_address>
         <run_address>0x3ec</run_address>
         <size>0x47</size>
         <input_file_ref idref="fl-4f"/>
      </object_component>
      <object_component id="oc-b0">
         <name>.debug_frame</name>
         <load_address>0x433</load_address>
         <run_address>0x433</run_address>
         <size>0x32</size>
         <input_file_ref idref="fl-50"/>
      </object_component>
      <object_component id="oc-b5">
         <name>.debug_frame</name>
         <load_address>0x465</load_address>
         <run_address>0x465</run_address>
         <size>0x51</size>
         <input_file_ref idref="fl-51"/>
      </object_component>
      <object_component id="oc-40">
         <name>.debug_line</name>
         <load_address>0x0</load_address>
         <run_address>0x0</run_address>
         <size>0x47a</size>
         <input_file_ref idref="fl-2"/>
      </object_component>
      <object_component id="oc-48">
         <name>.debug_line</name>
         <load_address>0x47a</load_address>
         <run_address>0x47a</run_address>
         <size>0x45</size>
         <input_file_ref idref="fl-30"/>
      </object_component>
      <object_component id="oc-4d">
         <name>.debug_line</name>
         <load_address>0x4bf</load_address>
         <run_address>0x4bf</run_address>
         <size>0x37</size>
         <input_file_ref idref="fl-31"/>
      </object_component>
      <object_component id="oc-52">
         <name>.debug_line</name>
         <load_address>0x4f6</load_address>
         <run_address>0x4f6</run_address>
         <size>0x36</size>
         <input_file_ref idref="fl-32"/>
      </object_component>
      <object_component id="oc-57">
         <name>.debug_line</name>
         <load_address>0x52c</load_address>
         <run_address>0x52c</run_address>
         <size>0x31</size>
         <input_file_ref idref="fl-33"/>
      </object_component>
      <object_component id="oc-5c">
         <name>.debug_line</name>
         <load_address>0x55d</load_address>
         <run_address>0x55d</run_address>
         <size>0x4d</size>
         <input_file_ref idref="fl-34"/>
      </object_component>
      <object_component id="oc-61">
         <name>.debug_line</name>
         <load_address>0x5aa</load_address>
         <run_address>0x5aa</run_address>
         <size>0x43</size>
         <input_file_ref idref="fl-35"/>
      </object_component>
      <object_component id="oc-66">
         <name>.debug_line</name>
         <load_address>0x5ed</load_address>
         <run_address>0x5ed</run_address>
         <size>0x57</size>
         <input_file_ref idref="fl-36"/>
      </object_component>
      <object_component id="oc-6b">
         <name>.debug_line</name>
         <load_address>0x644</load_address>
         <run_address>0x644</run_address>
         <size>0x64</size>
         <input_file_ref idref="fl-37"/>
      </object_component>
      <object_component id="oc-6f">
         <name>.debug_line</name>
         <load_address>0x6a8</load_address>
         <run_address>0x6a8</run_address>
         <size>0x40</size>
         <input_file_ref idref="fl-38"/>
      </object_component>
      <object_component id="oc-74">
         <name>.debug_line</name>
         <load_address>0x6e8</load_address>
         <run_address>0x6e8</run_address>
         <size>0x3d</size>
         <input_file_ref idref="fl-39"/>
      </object_component>
      <object_component id="oc-79">
         <name>.debug_line</name>
         <load_address>0x725</load_address>
         <run_address>0x725</run_address>
         <size>0xba</size>
         <input_file_ref idref="fl-3a"/>
      </object_component>
      <object_component id="oc-7e">
         <name>.debug_line</name>
         <load_address>0x7df</load_address>
         <run_address>0x7df</run_address>
         <size>0x55</size>
         <input_file_ref idref="fl-3b"/>
      </object_component>
      <object_component id="oc-83">
         <name>.debug_line</name>
         <load_address>0x834</load_address>
         <run_address>0x834</run_address>
         <size>0x93</size>
         <input_file_ref idref="fl-3c"/>
      </object_component>
      <object_component id="oc-88">
         <name>.debug_line</name>
         <load_address>0x8c7</load_address>
         <run_address>0x8c7</run_address>
         <size>0x68</size>
         <input_file_ref idref="fl-3d"/>
      </object_component>
      <object_component id="oc-8d">
         <name>.debug_line</name>
         <load_address>0x92f</load_address>
         <run_address>0x92f</run_address>
         <size>0x3c</size>
         <input_file_ref idref="fl-49"/>
      </object_component>
      <object_component id="oc-92">
         <name>.debug_line</name>
         <load_address>0x96b</load_address>
         <run_address>0x96b</run_address>
         <size>0x45</size>
         <input_file_ref idref="fl-4a"/>
      </object_component>
      <object_component id="oc-97">
         <name>.debug_line</name>
         <load_address>0x9b0</load_address>
         <run_address>0x9b0</run_address>
         <size>0x2b</size>
         <input_file_ref idref="fl-4b"/>
      </object_component>
      <object_component id="oc-9c">
         <name>.debug_line</name>
         <load_address>0x9db</load_address>
         <run_address>0x9db</run_address>
         <size>0x42</size>
         <input_file_ref idref="fl-4c"/>
      </object_component>
      <object_component id="oc-a1">
         <name>.debug_line</name>
         <load_address>0xa1d</load_address>
         <run_address>0xa1d</run_address>
         <size>0x4b</size>
         <input_file_ref idref="fl-4d"/>
      </object_component>
      <object_component id="oc-a6">
         <name>.debug_line</name>
         <load_address>0xa68</load_address>
         <run_address>0xa68</run_address>
         <size>0x3e</size>
         <input_file_ref idref="fl-4e"/>
      </object_component>
      <object_component id="oc-ac">
         <name>.debug_line</name>
         <load_address>0xaa6</load_address>
         <run_address>0xaa6</run_address>
         <size>0x38</size>
         <input_file_ref idref="fl-4f"/>
      </object_component>
      <object_component id="oc-b1">
         <name>.debug_line</name>
         <load_address>0xade</load_address>
         <run_address>0xade</run_address>
         <size>0x2c</size>
         <input_file_ref idref="fl-50"/>
      </object_component>
      <object_component id="oc-b6">
         <name>.debug_line</name>
         <load_address>0xb0a</load_address>
         <run_address>0xb0a</run_address>
         <size>0x62</size>
         <input_file_ref idref="fl-51"/>
      </object_component>
      <object_component id="oc-41">
         <name>.debug_abbrev</name>
         <load_address>0x0</load_address>
         <run_address>0x0</run_address>
         <size>0x1fa</size>
         <input_file_ref idref="fl-2"/>
      </object_component>
      <object_component id="oc-49">
         <name>.debug_abbrev</name>
         <load_address>0x1fa</load_address>
         <run_address>0x1fa</run_address>
         <size>0x118</size>
         <input_file_ref idref="fl-30"/>
      </object_component>
      <object_component id="oc-4e">
         <name>.debug_abbrev</name>
         <load_address>0x312</load_address>
         <run_address>0x312</run_address>
         <size>0xbb</size>
         <input_file_ref idref="fl-31"/>
      </object_component>
      <object_component id="oc-53">
         <name>.debug_abbrev</name>
         <load_address>0x3cd</load_address>
         <run_address>0x3cd</run_address>
         <size>0xd6</size>
         <input_file_ref idref="fl-32"/>
      </object_component>
      <object_component id="oc-58">
         <name>.debug_abbrev</name>
         <load_address>0x4a3</load_address>
         <run_address>0x4a3</run_address>
         <size>0x9d</size>
         <input_file_ref idref="fl-33"/>
      </object_component>
      <object_component id="oc-5d">
         <name>.debug_abbrev</name>
         <load_address>0x540</load_address>
         <run_address>0x540</run_address>
         <size>0x45</size>
         <input_file_ref idref="fl-34"/>
      </object_component>
      <object_component id="oc-62">
         <name>.debug_abbrev</name>
         <load_address>0x585</load_address>
         <run_address>0x585</run_address>
         <size>0x37</size>
         <input_file_ref idref="fl-35"/>
      </object_component>
      <object_component id="oc-67">
         <name>.debug_abbrev</name>
         <load_address>0x5bc</load_address>
         <run_address>0x5bc</run_address>
         <size>0x45</size>
         <input_file_ref idref="fl-36"/>
      </object_component>
      <object_component id="oc-6c">
         <name>.debug_abbrev</name>
         <load_address>0x601</load_address>
         <run_address>0x601</run_address>
         <size>0x37</size>
         <input_file_ref idref="fl-37"/>
      </object_component>
      <object_component id="oc-70">
         <name>.debug_abbrev</name>
         <load_address>0x638</load_address>
         <run_address>0x638</run_address>
         <size>0x35</size>
         <input_file_ref idref="fl-38"/>
      </object_component>
      <object_component id="oc-75">
         <name>.debug_abbrev</name>
         <load_address>0x66d</load_address>
         <run_address>0x66d</run_address>
         <size>0xfe</size>
         <input_file_ref idref="fl-39"/>
      </object_component>
      <object_component id="oc-7a">
         <name>.debug_abbrev</name>
         <load_address>0x76b</load_address>
         <run_address>0x76b</run_address>
         <size>0x37</size>
         <input_file_ref idref="fl-3a"/>
      </object_component>
      <object_component id="oc-7f">
         <name>.debug_abbrev</name>
         <load_address>0x7a2</load_address>
         <run_address>0x7a2</run_address>
         <size>0x37</size>
         <input_file_ref idref="fl-3b"/>
      </object_component>
      <object_component id="oc-84">
         <name>.debug_abbrev</name>
         <load_address>0x7d9</load_address>
         <run_address>0x7d9</run_address>
         <size>0x37</size>
         <input_file_ref idref="fl-3c"/>
      </object_component>
      <object_component id="oc-89">
         <name>.debug_abbrev</name>
         <load_address>0x810</load_address>
         <run_address>0x810</run_address>
         <size>0x37</size>
         <input_file_ref idref="fl-3d"/>
      </object_component>
      <object_component id="oc-8e">
         <name>.debug_abbrev</name>
         <load_address>0x847</load_address>
         <run_address>0x847</run_address>
         <size>0x23</size>
         <input_file_ref idref="fl-49"/>
      </object_component>
      <object_component id="oc-93">
         <name>.debug_abbrev</name>
         <load_address>0x86a</load_address>
         <run_address>0x86a</run_address>
         <size>0x9f</size>
         <input_file_ref idref="fl-4a"/>
      </object_component>
      <object_component id="oc-98">
         <name>.debug_abbrev</name>
         <load_address>0x909</load_address>
         <run_address>0x909</run_address>
         <size>0xa6</size>
         <input_file_ref idref="fl-4b"/>
      </object_component>
      <object_component id="oc-9d">
         <name>.debug_abbrev</name>
         <load_address>0x9af</load_address>
         <run_address>0x9af</run_address>
         <size>0x37</size>
         <input_file_ref idref="fl-4c"/>
      </object_component>
      <object_component id="oc-a2">
         <name>.debug_abbrev</name>
         <load_address>0x9e6</load_address>
         <run_address>0x9e6</run_address>
         <size>0x37</size>
         <input_file_ref idref="fl-4d"/>
      </object_component>
      <object_component id="oc-a7">
         <name>.debug_abbrev</name>
         <load_address>0xa1d</load_address>
         <run_address>0xa1d</run_address>
         <size>0x68</size>
         <input_file_ref idref="fl-4e"/>
      </object_component>
      <object_component id="oc-ad">
         <name>.debug_abbrev</name>
         <load_address>0xa85</load_address>
         <run_address>0xa85</run_address>
         <size>0xa9</size>
         <input_file_ref idref="fl-4f"/>
      </object_component>
      <object_component id="oc-b2">
         <name>.debug_abbrev</name>
         <load_address>0xb2e</load_address>
         <run_address>0xb2e</run_address>
         <size>0xec</size>
         <input_file_ref idref="fl-50"/>
      </object_component>
      <object_component id="oc-b7">
         <name>.debug_abbrev</name>
         <load_address>0xc1a</load_address>
         <run_address>0xc1a</run_address>
         <size>0x11d</size>
         <input_file_ref idref="fl-51"/>
      </object_component>
      <object_component id="oc-fc">
         <name>.debug_abbrev</name>
         <load_address>0xd37</load_address>
         <run_address>0xd37</run_address>
         <size>0xf</size>
      </object_component>
      <object_component id="oc-42">
         <name>.debug_aranges</name>
         <load_address>0x0</load_address>
         <run_address>0x0</run_address>
         <size>0x98</size>
         <input_file_ref idref="fl-2"/>
      </object_component>
      <object_component id="oc-4a">
         <name>.debug_aranges</name>
         <load_address>0x98</load_address>
         <run_address>0x98</run_address>
         <size>0x20</size>
         <input_file_ref idref="fl-30"/>
      </object_component>
      <object_component id="oc-4f">
         <name>.debug_aranges</name>
         <load_address>0xb8</load_address>
         <run_address>0xb8</run_address>
         <size>0x18</size>
         <input_file_ref idref="fl-31"/>
      </object_component>
      <object_component id="oc-54">
         <name>.debug_aranges</name>
         <load_address>0xd0</load_address>
         <run_address>0xd0</run_address>
         <size>0x18</size>
         <input_file_ref idref="fl-32"/>
      </object_component>
      <object_component id="oc-59">
         <name>.debug_aranges</name>
         <load_address>0xe8</load_address>
         <run_address>0xe8</run_address>
         <size>0x18</size>
         <input_file_ref idref="fl-33"/>
      </object_component>
      <object_component id="oc-5e">
         <name>.debug_aranges</name>
         <load_address>0x100</load_address>
         <run_address>0x100</run_address>
         <size>0x20</size>
         <input_file_ref idref="fl-34"/>
      </object_component>
      <object_component id="oc-63">
         <name>.debug_aranges</name>
         <load_address>0x120</load_address>
         <run_address>0x120</run_address>
         <size>0x20</size>
         <input_file_ref idref="fl-35"/>
      </object_component>
      <object_component id="oc-68">
         <name>.debug_aranges</name>
         <load_address>0x140</load_address>
         <run_address>0x140</run_address>
         <size>0x20</size>
         <input_file_ref idref="fl-36"/>
      </object_component>
      <object_component id="oc-6d">
         <name>.debug_aranges</name>
         <load_address>0x160</load_address>
         <run_address>0x160</run_address>
         <size>0x20</size>
         <input_file_ref idref="fl-37"/>
      </object_component>
      <object_component id="oc-71">
         <name>.debug_aranges</name>
         <load_address>0x180</load_address>
         <run_address>0x180</run_address>
         <size>0x20</size>
         <input_file_ref idref="fl-38"/>
      </object_component>
      <object_component id="oc-76">
         <name>.debug_aranges</name>
         <load_address>0x1a0</load_address>
         <run_address>0x1a0</run_address>
         <size>0x20</size>
         <input_file_ref idref="fl-39"/>
      </object_component>
      <object_component id="oc-7b">
         <name>.debug_aranges</name>
         <load_address>0x1c0</load_address>
         <run_address>0x1c0</run_address>
         <size>0x20</size>
         <input_file_ref idref="fl-3a"/>
      </object_component>
      <object_component id="oc-80">
         <name>.debug_aranges</name>
         <load_address>0x1e0</load_address>
         <run_address>0x1e0</run_address>
         <size>0x20</size>
         <input_file_ref idref="fl-3b"/>
      </object_component>
      <object_component id="oc-85">
         <name>.debug_aranges</name>
         <load_address>0x200</load_address>
         <run_address>0x200</run_address>
         <size>0x20</size>
         <input_file_ref idref="fl-3c"/>
      </object_component>
      <object_component id="oc-8a">
         <name>.debug_aranges</name>
         <load_address>0x220</load_address>
         <run_address>0x220</run_address>
         <size>0x20</size>
         <input_file_ref idref="fl-3d"/>
      </object_component>
      <object_component id="oc-8f">
         <name>.debug_aranges</name>
         <load_address>0x240</load_address>
         <run_address>0x240</run_address>
         <size>0x20</size>
         <input_file_ref idref="fl-49"/>
      </object_component>
      <object_component id="oc-94">
         <name>.debug_aranges</name>
         <load_address>0x260</load_address>
         <run_address>0x260</run_address>
         <size>0x20</size>
         <input_file_ref idref="fl-4a"/>
      </object_component>
      <object_component id="oc-99">
         <name>.debug_aranges</name>
         <load_address>0x280</load_address>
         <run_address>0x280</run_address>
         <size>0x18</size>
         <input_file_ref idref="fl-4b"/>
      </object_component>
      <object_component id="oc-9e">
         <name>.debug_aranges</name>
         <load_address>0x298</load_address>
         <run_address>0x298</run_address>
         <size>0x20</size>
         <input_file_ref idref="fl-4c"/>
      </object_component>
      <object_component id="oc-a3">
         <name>.debug_aranges</name>
         <load_address>0x2b8</load_address>
         <run_address>0x2b8</run_address>
         <size>0x20</size>
         <input_file_ref idref="fl-4d"/>
      </object_component>
      <object_component id="oc-a8">
         <name>.debug_aranges</name>
         <load_address>0x2d8</load_address>
         <run_address>0x2d8</run_address>
         <size>0x20</size>
         <input_file_ref idref="fl-4e"/>
      </object_component>
      <object_component id="oc-ae">
         <name>.debug_aranges</name>
         <load_address>0x2f8</load_address>
         <run_address>0x2f8</run_address>
         <size>0x20</size>
         <input_file_ref idref="fl-4f"/>
      </object_component>
      <object_component id="oc-b3">
         <name>.debug_aranges</name>
         <load_address>0x318</load_address>
         <run_address>0x318</run_address>
         <size>0x18</size>
         <input_file_ref idref="fl-50"/>
      </object_component>
      <object_component id="oc-b8">
         <name>.debug_aranges</name>
         <load_address>0x330</load_address>
         <run_address>0x330</run_address>
         <size>0x20</size>
         <input_file_ref idref="fl-51"/>
      </object_component>
   </object_component_list>
   <logical_group_list>
      <logical_group id="lg-2" display="no" color="cyan">
         <name>.bss</name>
         <run_address>0x200</run_address>
         <size>0x14</size>
         <contents>
            <object_component_ref idref="oc-3b"/>
            <object_component_ref idref="oc-43"/>
            <object_component_ref idref="oc-a9"/>
         </contents>
      </logical_group>
      <logical_group id="lg-3" display="no" color="cyan">
         <name>.data</name>
         <run_address>0x200</run_address>
         <size>0x0</size>
         <contents>
         </contents>
      </logical_group>
      <logical_group id="lg-4" display="no" color="cyan">
         <name>.sysmem</name>
         <run_address>0x0</run_address>
         <size>0x0</size>
         <contents>
         </contents>
      </logical_group>
      <logical_group id="lg-5" display="no" color="cyan">
         <name>.stack</name>
         <run_address>0x3b0</run_address>
         <size>0x50</size>
         <contents>
            <object_component_ref idref="oc-45"/>
            <object_component_ref idref="oc-fa"/>
         </contents>
      </logical_group>
      <logical_group id="lg-6" display="no" color="cyan">
         <name>.text</name>
         <load_address>0xc000</load_address>
         <run_address>0xc000</run_address>
         <size>0xbe0</size>
         <contents>
            <object_component_ref idref="oc-c5"/>
            <object_component_ref idref="oc-77"/>
            <object_component_ref idref="oc-c7"/>
            <object_component_ref idref="oc-cd"/>
            <object_component_ref idref="oc-81"/>
            <object_component_ref idref="oc-ce"/>
            <object_component_ref idref="oc-c8"/>
            <object_component_ref idref="oc-c6"/>
            <object_component_ref idref="oc-86"/>
            <object_component_ref idref="oc-bd"/>
            <object_component_ref idref="oc-69"/>
            <object_component_ref idref="oc-bc"/>
            <object_component_ref idref="oc-64"/>
            <object_component_ref idref="oc-c9"/>
            <object_component_ref idref="oc-7c"/>
            <object_component_ref idref="oc-c2"/>
            <object_component_ref idref="oc-5a"/>
            <object_component_ref idref="oc-3a"/>
            <object_component_ref idref="oc-9f"/>
            <object_component_ref idref="oc-c3"/>
            <object_component_ref idref="oc-cc"/>
            <object_component_ref idref="oc-5f"/>
            <object_component_ref idref="oc-c4"/>
            <object_component_ref idref="oc-9a"/>
            <object_component_ref idref="oc-ca"/>
            <object_component_ref idref="oc-cb"/>
            <object_component_ref idref="oc-bf"/>
            <object_component_ref idref="oc-c0"/>
            <object_component_ref idref="oc-c1"/>
            <object_component_ref idref="oc-b9"/>
            <object_component_ref idref="oc-8b"/>
            <object_component_ref idref="oc-bb"/>
            <object_component_ref idref="oc-be"/>
            <object_component_ref idref="oc-ba"/>
         </contents>
      </logical_group>
      <logical_group id="lg-7" display="no" color="cyan">
         <name>.cinit</name>
         <load_address>0xcbe0</load_address>
         <run_address>0xcbe0</run_address>
         <size>0x26</size>
         <contents>
            <object_component_ref idref="oc-3d"/>
         </contents>
      </logical_group>
      <logical_group id="lg-8" display="no" color="cyan">
         <name>.const</name>
         <load_address>0xcc06</load_address>
         <run_address>0xcc06</run_address>
         <size>0x12</size>
         <contents>
            <object_component_ref idref="oc-3e"/>
         </contents>
      </logical_group>
      <logical_group id="lg-9" display="no" color="cyan">
         <name>.cio</name>
         <run_address>0x0</run_address>
         <size>0x0</size>
         <contents>
         </contents>
      </logical_group>
      <logical_group id="lg-a" display="no" color="cyan">
         <name>.pinit</name>
         <run_address>0x0</run_address>
         <size>0x0</size>
         <contents>
         </contents>
      </logical_group>
      <logical_group id="lg-b" display="no" color="cyan">
         <name>.init_array</name>
         <run_address>0x0</run_address>
         <size>0x0</size>
         <contents>
         </contents>
      </logical_group>
      <logical_group id="lg-c" display="no" color="cyan">
         <name>.mspabi.exidx</name>
         <run_address>0x0</run_address>
         <size>0x0</size>
         <contents>
         </contents>
      </logical_group>
      <logical_group id="lg-d" display="no" color="cyan">
         <name>.mspabi.extab</name>
         <run_address>0x0</run_address>
         <size>0x0</size>
         <contents>
         </contents>
      </logical_group>
      <logical_group id="lg-e" display="no" color="cyan">
         <name>.infoA</name>
         <run_address>0x0</run_address>
         <size>0x0</size>
         <contents>
         </contents>
      </logical_group>
      <logical_group id="lg-f" display="no" color="cyan">
         <name>.infoB</name>
         <run_address>0x0</run_address>
         <size>0x0</size>
         <contents>
         </contents>
      </logical_group>
      <logical_group id="lg-10" display="no" color="cyan">
         <name>.infoC</name>
         <run_address>0x0</run_address>
         <size>0x0</size>
         <contents>
         </contents>
      </logical_group>
      <logical_group id="lg-11" display="no" color="cyan">
         <name>.infoD</name>
         <run_address>0x0</run_address>
         <size>0x0</size>
         <contents>
         </contents>
      </logical_group>
      <logical_group id="lg-12" display="no" color="cyan">
         <name>.int00</name>
         <run_address>0x0</run_address>
         <size>0x0</size>
         <contents>
         </contents>
      </logical_group>
      <logical_group id="lg-13" display="no" color="cyan">
         <name>.int01</name>
         <run_address>0x0</run_address>
         <size>0x0</size>
         <contents>
         </contents>
      </logical_group>
      <logical_group id="lg-14" display="no" color="cyan">
         <name>PORT1</name>
         <load_address>0xffe4</load_address>
         <run_address>0xffe4</run_address>
         <size>0x2</size>
         <contents>
            <object_component_ref idref="oc-2e"/>
         </contents>
      </logical_group>
      <logical_group id="lg-16" display="no" color="cyan">
         <name>PORT2</name>
         <load_address>0xffe6</load_address>
         <run_address>0xffe6</run_address>
         <size>0x2</size>
         <contents>
            <object_component_ref idref="oc-2f"/>
         </contents>
      </logical_group>
      <logical_group id="lg-18" display="no" color="cyan">
         <name>.int04</name>
         <run_address>0x0</run_address>
         <size>0x0</size>
         <contents>
         </contents>
      </logical_group>
      <logical_group id="lg-19" display="no" color="cyan">
         <name>ADC10</name>
         <load_address>0xffea</load_address>
         <run_address>0xffea</run_address>
         <size>0x2</size>
         <contents>
            <object_component_ref idref="oc-30"/>
         </contents>
      </logical_group>
      <logical_group id="lg-1b" display="no" color="cyan">
         <name>USCIAB0TX</name>
         <load_address>0xffec</load_address>
         <run_address>0xffec</run_address>
         <size>0x2</size>
         <contents>
            <object_component_ref idref="oc-31"/>
         </contents>
      </logical_group>
      <logical_group id="lg-1d" display="no" color="cyan">
         <name>USCIAB0RX</name>
         <load_address>0xffee</load_address>
         <run_address>0xffee</run_address>
         <size>0x2</size>
         <contents>
            <object_component_ref idref="oc-32"/>
         </contents>
      </logical_group>
      <logical_group id="lg-1f" display="no" color="cyan">
         <name>TIMER0_A1</name>
         <load_address>0xfff0</load_address>
         <run_address>0xfff0</run_address>
         <size>0x2</size>
         <contents>
            <object_component_ref idref="oc-33"/>
         </contents>
      </logical_group>
      <logical_group id="lg-21" display="no" color="cyan">
         <name>TIMER0_A0</name>
         <load_address>0xfff2</load_address>
         <run_address>0xfff2</run_address>
         <size>0x2</size>
         <contents>
            <object_component_ref idref="oc-34"/>
         </contents>
      </logical_group>
      <logical_group id="lg-23" display="no" color="cyan">
         <name>WDT</name>
         <load_address>0xfff4</load_address>
         <run_address>0xfff4</run_address>
         <size>0x2</size>
         <contents>
            <object_component_ref idref="oc-35"/>
         </contents>
      </logical_group>
      <logical_group id="lg-25" display="no" color="cyan">
         <name>COMPARATORA</name>
         <load_address>0xfff6</load_address>
         <run_address>0xfff6</run_address>
         <size>0x2</size>
         <contents>
            <object_component_ref idref="oc-36"/>
         </contents>
      </logical_group>
      <logical_group id="lg-27" display="no" color="cyan">
         <name>TIMER1_A1</name>
         <load_address>0xfff8</load_address>
         <run_address>0xfff8</run_address>
         <size>0x2</size>
         <contents>
            <object_component_ref idref="oc-37"/>
         </contents>
      </logical_group>
      <logical_group id="lg-29" display="no" color="cyan">
         <name>TIMER1_A0</name>
         <load_address>0xfffa</load_address>
         <run_address>0xfffa</run_address>
         <size>0x2</size>
         <contents>
            <object_component_ref idref="oc-38"/>
         </contents>
      </logical_group>
      <logical_group id="lg-2b" display="no" color="cyan">
         <name>NMI</name>
         <load_address>0xfffc</load_address>
         <run_address>0xfffc</run_address>
         <size>0x2</size>
         <contents>
            <object_component_ref idref="oc-39"/>
         </contents>
      </logical_group>
      <logical_group id="lg-2d" display="no" color="cyan">
         <name>.reset</name>
         <load_address>0xfffe</load_address>
         <run_address>0xfffe</run_address>
         <size>0x2</size>
         <contents>
            <object_component_ref idref="oc-46"/>
         </contents>
      </logical_group>
      <logical_group id="lg-ef" display="never" color="cyan">
         <name>.debug_info</name>
         <load_address>0x0</load_address>
         <run_address>0x0</run_address>
         <size>0x3e71</size>
         <contents>
            <object_component_ref idref="oc-3c"/>
            <object_component_ref idref="oc-44"/>
            <object_component_ref idref="oc-4b"/>
            <object_component_ref idref="oc-50"/>
            <object_component_ref idref="oc-55"/>
            <object_component_ref idref="oc-5b"/>
            <object_component_ref idref="oc-60"/>
            <object_component_ref idref="oc-65"/>
            <object_component_ref idref="oc-6a"/>
            <object_component_ref idref="oc-6e"/>
            <object_component_ref idref="oc-72"/>
            <object_component_ref idref="oc-78"/>
            <object_component_ref idref="oc-7d"/>
            <object_component_ref idref="oc-82"/>
            <object_component_ref idref="oc-87"/>
            <object_component_ref idref="oc-8c"/>
            <object_component_ref idref="oc-90"/>
            <object_component_ref idref="oc-95"/>
            <object_component_ref idref="oc-9b"/>
            <object_component_ref idref="oc-a0"/>
            <object_component_ref idref="oc-a4"/>
            <object_component_ref idref="oc-aa"/>
            <object_component_ref idref="oc-af"/>
            <object_component_ref idref="oc-b4"/>
            <object_component_ref idref="oc-fb"/>
         </contents>
      </logical_group>
      <logical_group id="lg-f1" display="never" color="cyan">
         <name>.debug_frame</name>
         <load_address>0x0</load_address>
         <run_address>0x0</run_address>
         <size>0x4b6</size>
         <contents>
            <object_component_ref idref="oc-3f"/>
            <object_component_ref idref="oc-47"/>
            <object_component_ref idref="oc-4c"/>
            <object_component_ref idref="oc-51"/>
            <object_component_ref idref="oc-56"/>
            <object_component_ref idref="oc-73"/>
            <object_component_ref idref="oc-91"/>
            <object_component_ref idref="oc-96"/>
            <object_component_ref idref="oc-a5"/>
            <object_component_ref idref="oc-ab"/>
            <object_component_ref idref="oc-b0"/>
            <object_component_ref idref="oc-b5"/>
         </contents>
      </logical_group>
      <logical_group id="lg-f3" display="never" color="cyan">
         <name>.debug_line</name>
         <load_address>0x0</load_address>
         <run_address>0x0</run_address>
         <size>0xb6c</size>
         <contents>
            <object_component_ref idref="oc-40"/>
            <object_component_ref idref="oc-48"/>
            <object_component_ref idref="oc-4d"/>
            <object_component_ref idref="oc-52"/>
            <object_component_ref idref="oc-57"/>
            <object_component_ref idref="oc-5c"/>
            <object_component_ref idref="oc-61"/>
            <object_component_ref idref="oc-66"/>
            <object_component_ref idref="oc-6b"/>
            <object_component_ref idref="oc-6f"/>
            <object_component_ref idref="oc-74"/>
            <object_component_ref idref="oc-79"/>
            <object_component_ref idref="oc-7e"/>
            <object_component_ref idref="oc-83"/>
            <object_component_ref idref="oc-88"/>
            <object_component_ref idref="oc-8d"/>
            <object_component_ref idref="oc-92"/>
            <object_component_ref idref="oc-97"/>
            <object_component_ref idref="oc-9c"/>
            <object_component_ref idref="oc-a1"/>
            <object_component_ref idref="oc-a6"/>
            <object_component_ref idref="oc-ac"/>
            <object_component_ref idref="oc-b1"/>
            <object_component_ref idref="oc-b6"/>
         </contents>
      </logical_group>
      <logical_group id="lg-f5" display="never" color="cyan">
         <name>.debug_abbrev</name>
         <load_address>0x0</load_address>
         <run_address>0x0</run_address>
         <size>0xd46</size>
         <contents>
            <object_component_ref idref="oc-41"/>
            <object_component_ref idref="oc-49"/>
            <object_component_ref idref="oc-4e"/>
            <object_component_ref idref="oc-53"/>
            <object_component_ref idref="oc-58"/>
            <object_component_ref idref="oc-5d"/>
            <object_component_ref idref="oc-62"/>
            <object_component_ref idref="oc-67"/>
            <object_component_ref idref="oc-6c"/>
            <object_component_ref idref="oc-70"/>
            <object_component_ref idref="oc-75"/>
            <object_component_ref idref="oc-7a"/>
            <object_component_ref idref="oc-7f"/>
            <object_component_ref idref="oc-84"/>
            <object_component_ref idref="oc-89"/>
            <object_component_ref idref="oc-8e"/>
            <object_component_ref idref="oc-93"/>
            <object_component_ref idref="oc-98"/>
            <object_component_ref idref="oc-9d"/>
            <object_component_ref idref="oc-a2"/>
            <object_component_ref idref="oc-a7"/>
            <object_component_ref idref="oc-ad"/>
            <object_component_ref idref="oc-b2"/>
            <object_component_ref idref="oc-b7"/>
            <object_component_ref idref="oc-fc"/>
         </contents>
      </logical_group>
      <logical_group id="lg-f7" display="never" color="cyan">
         <name>.debug_aranges</name>
         <load_address>0x0</load_address>
         <run_address>0x0</run_address>
         <size>0x350</size>
         <contents>
            <object_component_ref idref="oc-42"/>
            <object_component_ref idref="oc-4a"/>
            <object_component_ref idref="oc-4f"/>
            <object_component_ref idref="oc-54"/>
            <object_component_ref idref="oc-59"/>
            <object_component_ref idref="oc-5e"/>
            <object_component_ref idref="oc-63"/>
            <object_component_ref idref="oc-68"/>
            <object_component_ref idref="oc-6d"/>
            <object_component_ref idref="oc-71"/>
            <object_component_ref idref="oc-76"/>
            <object_component_ref idref="oc-7b"/>
            <object_component_ref idref="oc-80"/>
            <object_component_ref idref="oc-85"/>
            <object_component_ref idref="oc-8a"/>
            <object_component_ref idref="oc-8f"/>
            <object_component_ref idref="oc-94"/>
            <object_component_ref idref="oc-99"/>
            <object_component_ref idref="oc-9e"/>
            <object_component_ref idref="oc-a3"/>
            <object_component_ref idref="oc-a8"/>
            <object_component_ref idref="oc-ae"/>
            <object_component_ref idref="oc-b3"/>
            <object_component_ref idref="oc-b8"/>
         </contents>
      </logical_group>
   </logical_group_list>
   <placement_map>
      <memory_area display="no" color="green">
         <name>SFR</name>
         <page_id>0x0</page_id>
         <origin>0x0</origin>
         <length>0x10</length>
         <used_space>0x0</used_space>
         <unused_space>0x10</unused_space>
         <attributes>RWIX</attributes>
         <usage_details>
         </usage_details>
      </memory_area>
      <memory_area display="yes" color="green">
         <name>PERIPHERALS_8BIT</name>
         <page_id>0x0</page_id>
         <origin>0x10</origin>
         <length>0xf0</length>
         <used_space>0x0</used_space>
         <unused_space>0xf0</unused_space>
         <attributes>RWIX</attributes>
         <usage_details>
         </usage_details>
      </memory_area>
      <memory_area display="yes" color="green">
         <name>PERIPHERALS_16BIT</name>
         <page_id>0x0</page_id>
         <origin>0x100</origin>
         <length>0x100</length>
         <used_space>0x0</used_space>
         <unused_space>0x100</unused_space>
         <attributes>RWIX</attributes>
         <usage_details>
         </usage_details>
      </memory_area>
      <memory_area display="yes" color="green">
         <name>RAM</name>
         <page_id>0x0</page_id>
         <origin>0x200</origin>
         <length>0x200</length>
         <used_space>0x64</used_space>
         <unused_space>0x19c</unused_space>
         <attributes>RWIX</attributes>
         <usage_details>
            <allocated_space>
               <start_address>0x200</start_address>
               <size>0x0</size>
               <logical_group_ref idref="lg-3"/>
            </allocated_space>
            <allocated_space>
               <start_address>0x200</start_address>
               <size>0x14</size>
               <logical_group_ref idref="lg-2"/>
            </allocated_space>
            <available_space>
               <start_address>0x214</start_address>
               <size>0x19c</size>
            </available_space>
            <allocated_space>
               <start_address>0x3b0</start_address>
               <size>0x50</size>
               <logical_group_ref idref="lg-5"/>
            </allocated_space>
         </usage_details>
      </memory_area>
      <memory_area display="no" color="green">
         <name>INFOD</name>
         <page_id>0x0</page_id>
         <origin>0x1000</origin>
         <length>0x40</length>
         <used_space>0x0</used_space>
         <unused_space>0x40</unused_space>
         <attributes>RWIX</attributes>
         <usage_details>
         </usage_details>
      </memory_area>
      <memory_area display="no" color="green">
         <name>INFOC</name>
         <page_id>0x0</page_id>
         <origin>0x1040</origin>
         <length>0x40</length>
         <used_space>0x0</used_space>
         <unused_space>0x40</unused_space>
         <attributes>RWIX</attributes>
         <usage_details>
         </usage_details>
      </memory_area>
      <memory_area display="no" color="green">
         <name>INFOB</name>
         <page_id>0x0</page_id>
         <origin>0x1080</origin>
         <length>0x40</length>
         <used_space>0x0</used_space>
         <unused_space>0x40</unused_space>
         <attributes>RWIX</attributes>
         <usage_details>
         </usage_details>
      </memory_area>
      <memory_area display="no" color="green">
         <name>INFOA</name>
         <page_id>0x0</page_id>
         <origin>0x10c0</origin>
         <length>0x40</length>
         <used_space>0x0</used_space>
         <unused_space>0x40</unused_space>
         <attributes>RWIX</attributes>
         <usage_details>
         </usage_details>
      </memory_area>
      <memory_area display="yes" color="green">
         <name>FLASH</name>
         <page_id>0x0</page_id>
         <origin>0xc000</origin>
         <length>0x3fe0</length>
         <used_space>0xc18</used_space>
         <unused_space>0x33c8</unused_space>
         <attributes>RWIX</attributes>
         <usage_details>
            <allocated_space>
               <start_address>0xc000</start_address>
               <size>0xbe0</size>
               <logical_group_ref idref="lg-6"/>
            </allocated_space>
            <allocated_space>
               <start_address>0xcbe0</start_address>
               <size>0x26</size>
               <logical_group_ref idref="lg-7"/>
            </allocated_space>
            <allocated_space>
               <start_address>0xcc06</start_address>
               <size>0x12</size>
               <logical_group_ref idref="lg-8"/>
            </allocated_space>
            <available_space>
               <start_address>0xcc18</start_address>
               <size>0x33c8</size>
            </available_space>
         </usage_details>
      </memory_area>
      <memory_area display="no" color="green">
         <name>INT00</name>
         <page_id>0x0</page_id>
         <origin>0xffe0</origin>
         <length>0x2</length>
         <used_space>0x0</used_space>
         <unused_space>0x2</unused_space>
         <attributes>RWIX</attributes>
         <usage_details>
         </usage_details>
      </memory_area>
      <memory_area display="no" color="green">
         <name>INT01</name>
         <page_id>0x0</page_id>
         <origin>0xffe2</origin>
         <length>0x2</length>
         <used_space>0x0</used_space>
         <unused_space>0x2</unused_space>
         <attributes>RWIX</attributes>
         <usage_details>
         </usage_details>
      </memory_area>
      <memory_area display="no" color="green">
         <name>INT02</name>
         <page_id>0x0</page_id>
         <origin>0xffe4</origin>
         <length>0x2</length>
         <used_space>0x2</used_space>
         <unused_space>0x0</unused_space>
         <attributes>RWIX</attributes>
         <usage_details>
            <allocated_space>
               <start_address>0xffe4</start_address>
               <size>0x2</size>
               <logical_group_ref idref="lg-14"/>
            </allocated_space>
         </usage_details>
      </memory_area>
      <memory_area display="no" color="green">
         <name>INT03</name>
         <page_id>0x0</page_id>
         <origin>0xffe6</origin>
         <length>0x2</length>
         <used_space>0x2</used_space>
         <unused_space>0x0</unused_space>
         <attributes>RWIX</attributes>
         <usage_details>
            <allocated_space>
               <start_address>0xffe6</start_address>
               <size>0x2</size>
               <logical_group_ref idref="lg-16"/>
            </allocated_space>
         </usage_details>
      </memory_area>
      <memory_area display="no" color="green">
         <name>INT04</name>
         <page_id>0x0</page_id>
         <origin>0xffe8</origin>
         <length>0x2</length>
         <used_space>0x0</used_space>
         <unused_space>0x2</unused_space>
         <attributes>RWIX</attributes>
         <usage_details>
         </usage_details>
      </memory_area>
      <memory_area display="no" color="green">
         <name>INT05</name>
         <page_id>0x0</page_id>
         <origin>0xffea</origin>
         <length>0x2</length>
         <used_space>0x2</used_space>
         <unused_space>0x0</unused_space>
         <attributes>RWIX</attributes>
         <usage_details>
            <allocated_space>
               <start_address>0xffea</start_address>
               <size>0x2</size>
               <logical_group_ref idref="lg-19"/>
            </allocated_space>
         </usage_details>
      </memory_area>
      <memory_area display="no" color="green">
         <name>INT06</name>
         <page_id>0x0</page_id>
         <origin>0xffec</origin>
         <length>0x2</length>
         <used_space>0x2</used_space>
         <unused_space>0x0</unused_space>
         <attributes>RWIX</attributes>
         <usage_details>
            <allocated_space>
               <start_address>0xffec</start_address>
               <size>0x2</size>
               <logical_group_ref idref="lg-1b"/>
            </allocated_space>
         </usage_details>
      </memory_area>
      <memory_area display="no" color="green">
         <name>INT07</name>
         <page_id>0x0</page_id>
         <origin>0xffee</origin>
         <length>0x2</length>
         <used_space>0x2</used_space>
         <unused_space>0x0</unused_space>
         <attributes>RWIX</attributes>
         <usage_details>
            <allocated_space>
               <start_address>0xffee</start_address>
               <size>0x2</size>
               <logical_group_ref idref="lg-1d"/>
            </allocated_space>
         </usage_details>
      </memory_area>
      <memory_area display="no" color="green">
         <name>INT08</name>
         <page_id>0x0</page_id>
         <origin>0xfff0</origin>
         <length>0x2</length>
         <used_space>0x2</used_space>
         <unused_space>0x0</unused_space>
         <attributes>RWIX</attributes>
         <usage_details>
            <allocated_space>
               <start_address>0xfff0</start_address>
               <size>0x2</size>
               <logical_group_ref idref="lg-1f"/>
            </allocated_space>
         </usage_details>
      </memory_area>
      <memory_area display="no" color="green">
         <name>INT09</name>
         <page_id>0x0</page_id>
         <origin>0xfff2</origin>
         <length>0x2</length>
         <used_space>0x2</used_space>
         <unused_space>0x0</unused_space>
         <attributes>RWIX</attributes>
         <usage_details>
            <allocated_space>
               <start_address>0xfff2</start_address>
               <size>0x2</size>
               <logical_group_ref idref="lg-21"/>
            </allocated_space>
         </usage_details>
      </memory_area>
      <memory_area display="no" color="green">
         <name>INT10</name>
         <page_id>0x0</page_id>
         <origin>0xfff4</origin>
         <length>0x2</length>
         <used_space>0x2</used_space>
         <unused_space>0x0</unused_space>
         <attributes>RWIX</attributes>
         <usage_details>
            <allocated_space>
               <start_address>0xfff4</start_address>
               <size>0x2</size>
               <logical_group_ref idref="lg-23"/>
            </allocated_space>
         </usage_details>
      </memory_area>
      <memory_area display="no" color="green">
         <name>INT11</name>
         <page_id>0x0</page_id>
         <origin>0xfff6</origin>
         <length>0x2</length>
         <used_space>0x2</used_space>
         <unused_space>0x0</unused_space>
         <attributes>RWIX</attributes>
         <usage_details>
            <allocated_space>
               <start_address>0xfff6</start_address>
               <size>0x2</size>
               <logical_group_ref idref="lg-25"/>
            </allocated_space>
         </usage_details>
      </memory_area>
      <memory_area display="no" color="green">
         <name>INT12</name>
         <page_id>0x0</page_id>
         <origin>0xfff8</origin>
         <length>0x2</length>
         <used_space>0x2</used_space>
         <unused_space>0x0</unused_space>
         <attributes>RWIX</attributes>
         <usage_details>
            <allocated_space>
               <start_address>0xfff8</start_address>
               <size>0x2</size>
               <logical_group_ref idref="lg-27"/>
            </allocated_space>
         </usage_details>
      </memory_area>
      <memory_area display="no" color="green">
         <name>INT13</name>
         <page_id>0x0</page_id>
         <origin>0xfffa</origin>
         <length>0x2</length>
         <used_space>0x2</used_space>
         <unused_space>0x0</unused_space>
         <attributes>RWIX</attributes>
         <usage_details>
            <allocated_space>
               <start_address>0xfffa</start_address>
               <size>0x2</size>
               <logical_group_ref idref="lg-29"/>
            </allocated_space>
         </usage_details>
      </memory_area>
      <memory_area display="no" color="green">
         <name>INT14</name>
         <page_id>0x0</page_id>
         <origin>0xfffc</origin>
         <length>0x2</length>
         <used_space>0x2</used_space>
         <unused_space>0x0</unused_space>
         <attributes>RWIX</attributes>
         <usage_details>
            <allocated_space>
               <start_address>0xfffc</start_address>
               <size>0x2</size>
               <logical_group_ref idref="lg-2b"/>
            </allocated_space>
         </usage_details>
      </memory_area>
      <memory_area display="no" color="green">
         <name>RESET</name>
         <page_id>0x0</page_id>
         <origin>0xfffe</origin>
         <length>0x2</length>
         <used_space>0x2</used_space>
         <unused_space>0x0</unused_space>
         <attributes>RWIX</attributes>
         <usage_details>
            <allocated_space>
               <start_address>0xfffe</start_address>
               <size>0x2</size>
               <logical_group_ref idref="lg-2d"/>
            </allocated_space>
         </usage_details>
      </memory_area>
   </placement_map>
   <symbol_table>
      <symbol id="sm-0">
         <name>IE1</name>
         <value>0x0</value>
      </symbol>
      <symbol id="sm-1">
         <name>IFG1</name>
         <value>0x2</value>
      </symbol>
      <symbol id="sm-2">
         <name>IE2</name>
         <value>0x1</value>
      </symbol>
      <symbol id="sm-3">
         <name>IFG2</name>
         <value>0x3</value>
      </symbol>
      <symbol id="sm-4">
         <name>ADC10DTC0</name>
         <value>0x48</value>
      </symbol>
      <symbol id="sm-5">
[...]
         <name>P2IES</name>
         <value>0x2c</value>
      </symbol>
      <symbol id="sm-23">
         <name>P2IE</name>
         <value>0x2d</value>
      </symbol>
      <symbol id="sm-24">
         <name>P2SEL</name>
         <value>0x2e</value>
      </symbol>
      <symbol id="sm-25">
         <name>P2SEL2</name>
         <value>0x42</value>
      </symbol>
      <symbol id="sm-26">
         <name>P2REN</name>
         <value>0x2f</value>
      </symbol>
      <symbol id="sm-27">
         <name>P3IN</name>
         <value>0x18</value>
      </symbol>
      <symbol id="sm-28">
         <name>P3OUT</name>
         <value>0x19</value>
      </symbol>
      <symbol id="sm-29">
         <name>P3DIR</name>
         <value>0x1a</value>
      </symbol>
      <symbol id="sm-2a">
         <name>P3SEL</name>
         <value>0x1b</value>
      </symbol>
      <symbol id="sm-2b">
         <name>P3SEL2</name>
         <value>0x43</value>
      </symbol>
      <symbol id="sm-2c">
         <name>P3REN</name>
         <value>0x10</value>
      </symbol>
      <symbol id="sm-2d">
         <name>TA0IV</name>
         <value>0x12e</value>
      </symbol>
      <symbol id="sm-2e">
         <name>TA0CTL</name>
         <value>0x160</value>
      </symbol>
      <symbol id="sm-2f">
         <name>TA0CCTL0</name>
         <value>0x162</value>
      </symbol>
      <symbol id="sm-30">
         <name>TA0CCTL1</name>
         <value>0x164</value>
      </symbol>
      <symbol id="sm-31">
         <name>TA0CCTL2</name>
         <value>0x166</value>
      </symbol>
      <symbol id="sm-32">
         <name>TA0R</name>
         <value>0x170</value>
      </symbol>
      <symbol id="sm-33">
         <name>TA0CCR0</name>
         <value>0x172</value>
      </symbol>
      <symbol id="sm-34">
         <name>TA0CCR1</name>
         <value>0x174</value>
      </symbol>
      <symbol id="sm-35">
         <name>TA0CCR2</name>
         <value>0x176</value>
      </symbol>
      <symbol id="sm-36">
         <name>TA1IV</name>
         <value>0x11e</value>
      </symbol>
      <symbol id="sm-37">
         <name>TA1CTL</name>
         <value>0x180</value>
      </symbol>
      <symbol id="sm-38">
         <name>TA1CCTL0</name>
         <value>0x182</value>
      </symbol>
      <symbol id="sm-39">
         <name>TA1CCTL1</name>
         <value>0x184</value>
      </symbol>
      <symbol id="sm-3a">
         <name>TA1CCTL2</name>
         <value>0x186</value>
      </symbol>
      <symbol id="sm-3b">
         <name>TA1R</name>
         <value>0x190</value>
      </symbol>
      <symbol id="sm-3c">
         <name>TA1CCR0</name>
         <value>0x192</value>
      </symbol>
      <symbol id="sm-3d">
         <name>TA1CCR1</name>
         <value>0x194</value>
      </symbol>
      <symbol id="sm-3e">
         <name>TA1CCR2</name>
         <value>0x196</value>
      </symbol>
      <symbol id="sm-3f">
         <name>UCA0CTL0</name>
         <value>0x60</value>
      </symbol>
      <symbol id="sm-40">
         <name>UCA0CTL1</name>
         <value>0x61</value>
      </symbol>
      <symbol id="sm-41">
         <name>UCA0BR0</name>
         <value>0x62</value>
      </symbol>
      <symbol id="sm-42">
         <name>UCA0BR1</name>
         <value>0x63</value>
      </symbol>
      <symbol id="sm-43">
         <name>UCA0MCTL</name>
         <value>0x64</value>
      </symbol>
      <symbol id="sm-44">
         <name>UCA0STAT</name>
         <value>0x65</value>
      </symbol>
      <symbol id="sm-45">
         <name>UCA0RXBUF</name>
         <value>0x66</value>
      </symbol>
      <symbol id="sm-46">
         <name>UCA0TXBUF</name>
         <value>0x67</value>
      </symbol>
      <symbol id="sm-47">
         <name>UCA0ABCTL</name>
         <value>0x5d</value>
      </symbol>
      <symbol id="sm-48">
         <name>UCA0IRTCTL</name>
         <value>0x5e</value>
      </symbol>
      <symbol id="sm-49">
         <name>UCA0IRRCTL</name>
         <value>0x5f</value>
      </symbol>
      <symbol id="sm-4a">
         <name>UCB0CTL0</name>
         <value>0x68</value>
      </symbol>
      <symbol id="sm-4b">
         <name>UCB0CTL1</name>
         <value>0x69</value>
      </symbol>
      <symbol id="sm-4c">
         <name>UCB0BR0</name>
         <value>0x6a</value>
      </symbol>
      <symbol id="sm-4d">
         <name>UCB0BR1</name>
         <value>0x6b</value>
      </symbol>
      <symbol id="sm-4e">
         <name>UCB0I2CIE</name>
         <value>0x6c</value>
      </symbol>
      <symbol id="sm-4f">
         <name>UCB0STAT</name>
         <value>0x6d</value>
      </symbol>
      <symbol id="sm-50">
         <name>UCB0RXBUF</name>
         <value>0x6e</value>
      </symbol>
      <symbol id="sm-51">
         <name>UCB0TXBUF</name>
         <value>0x6f</value>
      </symbol>
      <symbol id="sm-52">
         <name>UCB0I2COA</name>
         <value>0x118</value>
      </symbol>
      <symbol id="sm-53">
         <name>UCB0I2CSA</name>
         <value>0x11a</value>
      </symbol>
      <symbol id="sm-54">
         <name>WDTCTL</name>
         <value>0x120</value>
      </symbol>
      <symbol id="sm-55">
         <name>CALDCO_16MHZ</name>
         <value>0x10f8</value>
      </symbol>
      <symbol id="sm-56">
         <name>CALBC1_16MHZ</name>
         <value>0x10f9</value>
      </symbol>
      <symbol id="sm-57">
         <name>CALDCO_12MHZ</name>
         <value>0x10fa</value>
      </symbol>
      <symbol id="sm-58">
         <name>CALBC1_12MHZ</name>
         <value>0x10fb</value>
      </symbol>
      <symbol id="sm-59">
         <name>CALDCO_8MHZ</name>
         <value>0x10fc</value>
      </symbol>
      <symbol id="sm-5a">
         <name>CALBC1_8MHZ</name>
         <value>0x10fd</value>
      </symbol>
      <symbol id="sm-5b">
         <name>CALDCO_1MHZ</name>
         <value>0x10fe</value>
      </symbol>
      <symbol id="sm-5c">
         <name>CALBC1_1MHZ</name>
         <value>0x10ff</value>
      </symbol>
      <symbol id="sm-5d">
         <name>TLV_CHECKSUM</name>
         <value>0x10c0</value>
      </symbol>
      <symbol id="sm-5e">
         <name>TLV_DCO_30_TAG</name>
         <value>0x10f6</value>
      </symbol>
      <symbol id="sm-5f">
         <name>TLV_DCO_30_LEN</name>
         <value>0x10f7</value>
      </symbol>
      <symbol id="sm-60">
         <name>TLV_ADC10_1_TAG</name>
         <value>0x10da</value>
      </symbol>
      <symbol id="sm-61">
         <name>TLV_ADC10_1_LEN</name>
         <value>0x10db</value>
      </symbol>
      <symbol id="sm-62">
         <name>cinit</name>
         <value>0xcbe0</value>
      </symbol>
      <symbol id="sm-63">
         <name>__cinit__</name>
         <value>0xcbe0</value>
      </symbol>
      <symbol id="sm-64">
         <name>pinit</name>
         <value>0xffffffff</value>
      </symbol>
      <symbol id="sm-65">
         <name>__pinit__</name>
         <value>0xffffffff</value>
      </symbol>
      <symbol id="sm-66">
         <name>binit</name>
         <value>0xffffffff</value>
      </symbol>
      <symbol id="sm-67">
         <name>__binit__</name>
         <value>0xffffffff</value>
      </symbol>
      <symbol id="sm-68">
         <name>__STACK_SIZE</name>
         <value>0x50</value>
      </symbol>
      <symbol id="sm-69">
         <name>__STACK_END</name>
         <value>0x400</value>
      </symbol>
      <symbol id="sm-6a">
         <name>__c_args__</name>
         <value>0xffffffff</value>
      </symbol>
      <symbol id="sm-6b">
         <name>.text</name>
         <value>0xc000</value>
      </symbol>
      <symbol id="sm-6c">
         <name>__text__</name>
         <value>0xc000</value>
      </symbol>
      <symbol id="sm-6d">
         <name>etext</name>
         <value>0xcbe0</value>
      </symbol>
      <symbol id="sm-6e">
         <name>__etext__</name>
         <value>0xcbe0</value>
      </symbol>
      <symbol id="sm-6f">
         <name>.data</name>
         <value>0x200</value>
      </symbol>
      <symbol id="sm-70">
         <name>__data__</name>
         <value>0x200</value>
      </symbol>
      <symbol id="sm-71">
         <name>edata</name>
         <value>0x200</value>
      </symbol>
      <symbol id="sm-72">
         <name>__edata__</name>
         <value>0x200</value>
      </symbol>
      <symbol id="sm-73">
         <name>.bss</name>
         <value>0x200</value>
      </symbol>
      <symbol id="sm-74">
         <name>__bss__</name>
         <value>0x200</value>
      </symbol>
      <symbol id="sm-75">
         <name>end</name>
         <value>0x214</value>
      </symbol>
      <symbol id="sm-76">
         <name>__end__</name>
         <value>0x214</value>
      </symbol>
      <symbol id="sm-10c">
         <name>initPins</name>
         <value>0xca50</value>
         <object_component_ref idref="oc-c2"/>
      </symbol>
      <symbol id="sm-10d">
         <name>startX</name>
         <value>0x200</value>
         <object_component_ref idref="oc-3b"/>
      </symbol>
      <symbol id="sm-10e">
         <name>startY</name>
         <value>0x202</value>
         <object_component_ref idref="oc-3b"/>
      </symbol>
      <symbol id="sm-10f">
         <name>__TI_int06</name>
         <value>0xffec</value>
         <object_component_ref idref="oc-31"/>
      </symbol>
      <symbol id="sm-110">
         <name>fillScreen</name>
         <value>0xc7ae</value>
         <object_component_ref idref="oc-c6"/>
      </symbol>
      <symbol id="sm-111">
         <name>fillCircleHelper</name>
         <value>0xc4ea</value>
         <object_component_ref idref="oc-cd"/>
      </symbol>
      <symbol id="sm-112">
         <name>writeLCDControl</name>
         <value>0xcb6e</value>
         <object_component_ref idref="oc-ca"/>
      </symbol>
      <symbol id="sm-113">
         <name>main</name>
         <value>0xc89c</value>
         <object_component_ref idref="oc-bd"/>
      </symbol>
      <symbol id="sm-114">
         <name>getTSPoint</name>
         <value>0xc3f0</value>
         <object_component_ref idref="oc-c7"/>
      </symbol>
      <symbol id="sm-115">
         <name>fillCircle</name>
         <value>0xc9e2</value>
         <object_component_ref idref="oc-c9"/>
      </symbol>
      <symbol id="sm-116">
         <name>YMin</name>
         <value>0x204</value>
         <object_component_ref idref="oc-3b"/>
      </symbol>
      <symbol id="sm-117">
         <name>initUSCI</name>
         <value>0xcaf4</value>
         <object_component_ref idref="oc-c3"/>
      </symbol>
      <symbol id="sm-118">
         <name>USCI</name>
         <value>0xcbc6</value>
         <object_component_ref idref="oc-b9"/>
      </symbol>
      <symbol id="sm-119">
         <name>initClk</name>
         <value>0xcbb8</value>
         <object_component_ref idref="oc-c1"/>
      </symbol>
      <symbol id="sm-11a">
         <name>drawFastVLine</name>
         <value>0xcb14</value>
         <object_component_ref idref="oc-cc"/>
      </symbol>
      <symbol id="sm-11b">
         <name>XMin</name>
         <value>0x208</value>
         <object_component_ref idref="oc-3b"/>
      </symbol>
      <symbol id="sm-11c">
         <name>YMax</name>
         <value>0x206</value>
         <object_component_ref idref="oc-3b"/>
      </symbol>
      <symbol id="sm-11d">
         <name>calibratePoint</name>
         <value>0xc71a</value>
         <object_component_ref idref="oc-c8"/>
      </symbol>
      <symbol id="sm-11e">
         <name>writeLCDData</name>
         <value>0xcb82</value>
         <object_component_ref idref="oc-cb"/>
      </symbol>
      <symbol id="sm-11f">
         <name>initLCD</name>
         <value>0xc000</value>
         <object_component_ref idref="oc-c5"/>
      </symbol>
      <symbol id="sm-120">
         <name>fillRectangle</name>
         <value>0xc674</value>
         <object_component_ref idref="oc-ce"/>
      </symbol>
      <symbol id="sm-121">
         <name>waitMS</name>
         <value>0xcb44</value>
         <object_component_ref idref="oc-c4"/>
      </symbol>
      <symbol id="sm-122">
         <name>XMax</name>
         <value>0x20a</value>
         <object_component_ref idref="oc-3b"/>
      </symbol>
      <symbol id="sm-135">
         <name>_c_int00_noexit</name>
         <value>0xcaa8</value>
         <object_component_ref idref="oc-3a"/>
      </symbol>
      <symbol id="sm-136">
         <name>_c_int00</name>
         <value>0xcaa8</value>
         <object_component_ref idref="oc-3a"/>
      </symbol>
      <symbol id="sm-137">
         <name>_stack</name>
         <value>0x3b0</value>
         <object_component_ref idref="oc-45"/>
      </symbol>
      <symbol id="sm-138">
         <name>__TI_dtors_ptr</name>
         <value>0x212</value>
         <object_component_ref idref="oc-43"/>
      </symbol>
      <symbol id="sm-139">
         <name>__TI_cleanup_ptr</name>
         <value>0x210</value>
         <object_component_ref idref="oc-43"/>
      </symbol>
      <symbol id="sm-13a">
         <name>_reset_vector</name>
         <value>0xfffe</value>
         <object_component_ref idref="oc-46"/>
      </symbol>
      <symbol id="sm-165">
         <name>__remi</name>
         <value>0xca7c</value>
         <object_component_ref idref="oc-5a"/>
      </symbol>
      <symbol id="sm-166">
         <name>__divi</name>
         <value>0xca7c</value>
         <object_component_ref idref="oc-5a"/>
      </symbol>
      <symbol id="sm-174">
         <name>__remu</name>
         <value>0xcb2e</value>
         <object_component_ref idref="oc-5f"/>
      </symbol>
      <symbol id="sm-175">
         <name>__divu</name>
         <value>0xcb2e</value>
         <object_component_ref idref="oc-5f"/>
      </symbol>
      <symbol id="sm-185">
         <name>__remli</name>
         <value>0xc9a2</value>
         <object_component_ref idref="oc-64"/>
      </symbol>
      <symbol id="sm-186">
         <name>__divli</name>
         <value>0xc9a2</value>
         <object_component_ref idref="oc-64"/>
      </symbol>
      <symbol id="sm-198">
         <name>__divul</name>
         <value>0xc902</value>
         <object_component_ref idref="oc-69"/>
      </symbol>
      <symbol id="sm-199">
         <name>__remul</name>
         <value>0xc902</value>
         <object_component_ref idref="oc-69"/>
      </symbol>
      <symbol id="sm-1a6">
         <name>func_epilog_1</name>
         <value>0xcbb4</value>
         <object_component_ref idref="oc-c0"/>
      </symbol>
      <symbol id="sm-1a7">
         <name>func_epilog_2</name>
         <value>0xcbb2</value>
         <object_component_ref idref="oc-c0"/>
      </symbol>
      <symbol id="sm-1a8">
         <name>func_epilog_3</name>
         <value>0xcbb0</value>
         <object_component_ref idref="oc-c0"/>
      </symbol>
      <symbol id="sm-1a9">
         <name>func_epilog_4</name>
         <value>0xcbae</value>
         <object_component_ref idref="oc-c0"/>
      </symbol>
      <symbol id="sm-1aa">
         <name>func_epilog_5</name>
         <value>0xcbac</value>
         <object_component_ref idref="oc-c0"/>
      </symbol>
      <symbol id="sm-1ab">
         <name>func_epilog_6</name>
         <value>0xcbaa</value>
         <object_component_ref idref="oc-c0"/>
      </symbol>
      <symbol id="sm-1ac">
         <name>func_epilog_7</name>
         <value>0xcba8</value>
         <object_component_ref idref="oc-c0"/>
      </symbol>
      <symbol id="sm-1b9">
         <name>C$$EXIT</name>
         <value>0xcbda</value>
         <object_component_ref idref="oc-be"/>
      </symbol>
      <symbol id="sm-1ba">
         <name>abort</name>
         <value>0xcbda</value>
         <object_component_ref idref="oc-be"/>
      </symbol>
      <symbol id="sm-1bb">
         <name>__TI_exit</name>
         <value>0x1</value>
      </symbol>
      <symbol id="sm-1da">
         <name>__fs_add</name>
         <value>0xc2c6</value>
         <object_component_ref idref="oc-77"/>
      </symbol>
      <symbol id="sm-1db">
         <name>__fs_sub</name>
         <value>0xc2c0</value>
         <object_component_ref idref="oc-77"/>
      </symbol>
      <symbol id="sm-1ec">
         <name>__fs_itof</name>
         <value>0xca1a</value>
         <object_component_ref idref="oc-7c"/>
      </symbol>
      <symbol id="sm-207">
         <name>__fs_mpy</name>
         <value>0xc5b2</value>
         <object_component_ref idref="oc-81"/>
      </symbol>
      <symbol id="sm-21d">
         <name>__fs_toi</name>
         <value>0xc834</value>
         <object_component_ref idref="oc-86"/>
      </symbol>
      <symbol id="sm-221">
         <name>__TI_int02</name>
         <value>0xffe4</value>
         <object_component_ref idref="oc-2e"/>
      </symbol>
      <symbol id="sm-225">
         <name>__TI_int03</name>
         <value>0xffe6</value>
         <object_component_ref idref="oc-2f"/>
      </symbol>
      <symbol id="sm-229">
         <name>__TI_int05</name>
         <value>0xffea</value>
         <object_component_ref idref="oc-30"/>
      </symbol>
      <symbol id="sm-22d">
         <name>__TI_int07</name>
         <value>0xffee</value>
         <object_component_ref idref="oc-32"/>
      </symbol>
      <symbol id="sm-231">
         <name>__TI_int08</name>
         <value>0xfff0</value>
         <object_component_ref idref="oc-33"/>
      </symbol>
      <symbol id="sm-235">
         <name>__TI_int09</name>
         <value>0xfff2</value>
         <object_component_ref idref="oc-34"/>
      </symbol>
      <symbol id="sm-239">
         <name>__TI_int10</name>
         <value>0xfff4</value>
         <object_component_ref idref="oc-35"/>
      </symbol>
      <symbol id="sm-23d">
         <name>__TI_int11</name>
         <value>0xfff6</value>
         <object_component_ref idref="oc-36"/>
      </symbol>
      <symbol id="sm-241">
         <name>__TI_int12</name>
         <value>0xfff8</value>
         <object_component_ref idref="oc-37"/>
      </symbol>
      <symbol id="sm-245">
         <name>__TI_int13</name>
         <value>0xfffa</value>
         <object_component_ref idref="oc-38"/>
      </symbol>
      <symbol id="sm-249">
         <name>__TI_int14</name>
         <value>0xfffc</value>
         <object_component_ref idref="oc-39"/>
      </symbol>
      <symbol id="sm-255">
         <name>__TI_ISR_TRAP</name>
         <value>0xcbd0</value>
         <object_component_ref idref="oc-8b"/>
      </symbol>
      <symbol id="sm-263">
         <name>memcpy</name>
         <value>0xcb96</value>
         <object_component_ref idref="oc-bf"/>
      </symbol>
      <symbol id="sm-27a">
         <name>__mpyi</name>
         <value>0xcb5a</value>
         <object_component_ref idref="oc-9a"/>
      </symbol>
      <symbol id="sm-288">
         <name>__mpyl</name>
         <value>0xcace</value>
         <object_component_ref idref="oc-9f"/>
      </symbol>
      <symbol id="sm-294">
         <name>_system_pre_init</name>
         <value>0xcbd6</value>
         <object_component_ref idref="oc-bb"/>
      </symbol>
      <symbol id="sm-2a2">
         <name>_nop</name>
         <value>0xcbde</value>
         <object_component_ref idref="oc-ba"/>
      </symbol>
      <symbol id="sm-2a3">
         <name>_lock</name>
         <value>0x20c</value>
         <object_component_ref idref="oc-a9"/>
      </symbol>
      <symbol id="sm-2a4">
         <name>_unlock</name>
         <value>0x20e</value>
         <object_component_ref idref="oc-a9"/>
      </symbol>
      <symbol id="sm-2ae">
         <name>__TI_args_main</name>
         <value>0x1</value>
      </symbol>
      <symbol id="sm-2c0">
         <name>_auto_init</name>
         <value>0xc95a</value>
         <object_component_ref idref="oc-bc"/>
      </symbol>
      <symbol id="sm-2c1">
         <name>__TI_auto_init</name>
         <value>0x1</value>
      </symbol>
   </symbol_table>
   <title>Link successful</title>
</link_info>
