******************************************************************************
                  MSP430 Linker PC v4.3.3                      
******************************************************************************
>> Linked Mon Dec 07 00:20:40 2015

OUTPUT FILE NAME:   <ECEN260Lab11a.out>
ENTRY POINT SYMBOL: "_c_int00"  address: 0000cff4


MEMORY CONFIGURATION

         name            origin    length      used     unused   attr    fill
----------------------  --------  ---------  --------  --------  ----  --------
  SFR                   00000000   00000010  00000000  00000010  RWIX
  PERIPHERALS_8BIT      00000010   000000f0  00000000  000000f0  RWIX
  PERIPHERALS_16BIT     00000100   00000100  00000000  00000100  RWIX
  RAM                   00000200   00000200  0000005c  000001a4  RWIX
  INFOD                 00001000   00000040  00000000  00000040  RWIX
  INFOC                 00001040   00000040  00000000  00000040  RWIX
  INFOB                 00001080   00000040  00000000  00000040  RWIX
  INFOA                 000010c0   00000040  00000000  00000040  RWIX
  FLASH                 0000c000   00003fe0  0000141e  00002bc2  RWIX
  INT00                 0000ffe0   00000002  00000000  00000002  RWIX
  INT01                 0000ffe2   00000002  00000000  00000002  RWIX
  INT02                 0000ffe4   00000002  00000002  00000000  RWIX
  INT03                 0000ffe6   00000002  00000002  00000000  RWIX
  INT04                 0000ffe8   00000002  00000000  00000002  RWIX
  INT05                 0000ffea   00000002  00000002  00000000  RWIX
  INT06                 0000ffec   00000002  00000002  00000000  RWIX
  INT07                 0000ffee   00000002  00000002  00000000  RWIX
  INT08                 0000fff0   00000002  00000002  00000000  RWIX
  INT09                 0000fff2   00000002  00000002  00000000  RWIX
  INT10                 0000fff4   00000002  00000002  00000000  RWIX
  INT11                 0000fff6   00000002  00000002  00000000  RWIX
  INT12                 0000fff8   00000002  00000002  00000000  RWIX
  INT13                 0000fffa   00000002  00000002  00000000  RWIX
  INT14                 0000fffc   00000002  00000002  00000000  RWIX
  RESET                 0000fffe   00000002  00000002  00000000  RWIX


SECTION ALLOCATION MAP

 output                                  attributes/
section   page    origin      length       input sections
--------  ----  ----------  ----------   ----------------
.pinit     0    0000c000    00000000     UNINITIALIZED

.bss       0    00000200    0000000c     UNINITIALIZED
                  00000200    00000004     main.obj (.bss)
                  00000204    00000004     rts430.lib : _lock.obj (.bss)
                  00000208    00000004                : boot.obj (.bss)

.data      0    00000200    00000000     UNINITIALIZED

.stack     0    000003b0    00000050     UNINITIALIZED
                  000003b0    00000002     rts430.lib : boot.obj (.stack)
                  000003b2    0000004e     --HOLE--

.text      0    0000c000    00001112     
                  0000c000    0000050e     main.obj (.text:writeWords)
                  0000c50e    000002c0     main.obj (.text:initLCD)
                  0000c7ce    00000130     rts430.lib : fs_add.obj (.text)
                  0000c8fe    0000011e     main.obj (.text:drawLetter)
                  0000ca1c    00000100     main.obj (.text:main)
                  0000cb1c    000000c2     rts430.lib : fs_mpy.obj (.text)
                  0000cbde    0000009a                : fs_div.obj (.text)
                  0000cc78    0000008a     main.obj (.text:fToC)
                  0000cd02    00000086     main.obj (.text:fillScreen)
                  0000cd88    00000068     rts430.lib : fs_toi.obj (.text)
                  0000cdf0    00000058                : div32u.obj (.text)
                  0000ce48    0000004c     main.obj (.text:getJSPos)
                  0000ce94    0000004a     rts430.lib : fs_cmp.obj (.text)
                  0000cede    00000048                : autoinit.obj (.text:_auto_init)
                  0000cf26    00000040                : div32s.obj (.text)
                  0000cf66    00000036                : fs_itof.obj (.text)
                  0000cf9c    0000002c     main.obj (.text:initPins)
                  0000cfc8    0000002c     rts430.lib : div16s.obj (.text)
                  0000cff4    00000026                : boot.obj (.text:_c_int00_noexit)
                  0000d01a    00000026                : mult32.obj (.text)
                  0000d040    00000020     main.obj (.text:initUSCI)
                  0000d060    00000016     rts430.lib : div16u.obj (.text)
                  0000d076    00000016     main.obj (.text:waitMS)
                  0000d08c    00000014     rts430.lib : mult16.obj (.text)
                  0000d0a0    00000014     main.obj (.text:writeLCDControl)
                  0000d0b4    00000014     main.obj (.text:writeLCDData)
                  0000d0c8    00000012     rts430.lib : memcpy.obj (.text:memcpy)
                  0000d0da    00000010                : epilog.obj (.text)
                  0000d0ea    0000000e     main.obj (.text:initClk)
                  0000d0f8    0000000a     main.obj (.text:USCI)
                  0000d102    00000006     rts430.lib : isr_trap.obj (.text:__TI_ISR_TRAP)
                  0000d108    00000004                : pre_init.obj (.text:_system_pre_init)
                  0000d10c    00000004                : exit.obj (.text:abort)
                  0000d110    00000002                : _lock.obj (.text:_nop)

.const     0    0000d112    000002fe     
                  0000d112    000002d8     main.obj (.const:font)
                  0000d3ea    00000026     main.obj (.const:.string)

.cinit     0    0000d410    0000000e     
                  0000d410    0000000c     main.obj (.cinit)
                  0000d41c    00000002     --HOLE-- [fill = 0]

PORT1      0    0000ffe4    00000002     
                  0000ffe4    00000002     rts430.lib : int02.obj (.int02)

PORT2      0    0000ffe6    00000002     
                  0000ffe6    00000002     rts430.lib : int03.obj (.int03)

ADC10      0    0000ffea    00000002     
                  0000ffea    00000002     rts430.lib : int05.obj (.int05)

USCIAB0TX 
*          0    0000ffec    00000002     
                  0000ffec    00000002     main.obj (.int06)

USCIAB0RX 
*          0    0000ffee    00000002     
                  0000ffee    00000002     rts430.lib : int07.obj (.int07)

TIMER0_A1 
*          0    0000fff0    00000002     
                  0000fff0    00000002     rts430.lib : int08.obj (.int08)

TIMER0_A0 
*          0    0000fff2    00000002     
                  0000fff2    00000002     rts430.lib : int09.obj (.int09)

WDT        0    0000fff4    00000002     
                  0000fff4    00000002     rts430.lib : int10.obj (.int10)

COMPARATORA 
*          0    0000fff6    00000002     
                  0000fff6    00000002     rts430.lib : int11.obj (.int11)

TIMER1_A1 
*          0    0000fff8    00000002     
                  0000fff8    00000002     rts430.lib : int12.obj (.int12)

TIMER1_A0 
*          0    0000fffa    00000002     
                  0000fffa    00000002     rts430.lib : int13.obj (.int13)

NMI        0    0000fffc    00000002     
                  0000fffc    00000002     rts430.lib : int14.obj (.int14)

.reset     0    0000fffe    00000002     
                  0000fffe    00000002     rts430.lib : boot.obj (.reset)


GLOBAL SYMBOLS: SORTED ALPHABETICALLY BY Name 

address    name
--------   ----
00000200   .bss
00000200   .data
0000c000   .text
0000004a   ADC10AE0
000001b0   ADC10CTL0
000001b2   ADC10CTL1
00000048   ADC10DTC0
00000049   ADC10DTC1
000001b4   ADC10MEM
000001bc   ADC10SA
00000057   BCSCTL1
00000058   BCSCTL2
00000053   BCSCTL3
0000d10c   C$$EXIT
00000059   CACTL1
0000005a   CACTL2
000010fb   CALBC1_12MHZ
000010f9   CALBC1_16MHZ
000010ff   CALBC1_1MHZ
000010fd   CALBC1_8MHZ
000010fa   CALDCO_12MHZ
000010f8   CALDCO_16MHZ
000010fe   CALDCO_1MHZ
000010fc   CALDCO_8MHZ
0000005b   CAPD
00000056   DCOCTL
00000128   FCTL1
0000012a   FCTL2
0000012c   FCTL3
00000000   IE1
00000001   IE2
00000002   IFG1
00000003   IFG2
00000022   P1DIR
00000025   P1IE
00000024   P1IES
00000023   P1IFG
00000020   P1IN
00000021   P1OUT
00000027   P1REN
00000026   P1SEL
00000041   P1SEL2
0000002a   P2DIR
0000002d   P2IE
0000002c   P2IES
0000002b   P2IFG
00000028   P2IN
00000029   P2OUT
0000002f   P2REN
0000002e   P2SEL
00000042   P2SEL2
0000001a   P3DIR
00000018   P3IN
00000019   P3OUT
00000010   P3REN
0000001b   P3SEL
00000043   P3SEL2
00000172   TA0CCR0
00000174   TA0CCR1
00000176   TA0CCR2
00000162   TA0CCTL0
00000164   TA0CCTL1
00000166   TA0CCTL2
00000160   TA0CTL
0000012e   TA0IV
00000170   TA0R
00000192   TA1CCR0
00000194   TA1CCR1
00000196   TA1CCR2
00000182   TA1CCTL0
00000184   TA1CCTL1
00000186   TA1CCTL2
00000180   TA1CTL
0000011e   TA1IV
00000190   TA1R
000010db   TLV_ADC10_1_LEN
000010da   TLV_ADC10_1_TAG
000010c0   TLV_CHECKSUM
000010f7   TLV_DCO_30_LEN
000010f6   TLV_DCO_30_TAG
0000005d   UCA0ABCTL
00000062   UCA0BR0
00000063   UCA0BR1
00000060   UCA0CTL0
00000061   UCA0CTL1
0000005f   UCA0IRRCTL
0000005e   UCA0IRTCTL
00000064   UCA0MCTL
00000066   UCA0RXBUF
00000065   UCA0STAT
00000067   UCA0TXBUF
0000006a   UCB0BR0
0000006b   UCB0BR1
00000068   UCB0CTL0
00000069   UCB0CTL1
0000006c   UCB0I2CIE
00000118   UCB0I2COA
0000011a   UCB0I2CSA
0000006e   UCB0RXBUF
0000006d   UCB0STAT
0000006f   UCB0TXBUF
0000d0f8   USCI
00000120   WDTCTL
00000400   __STACK_END
00000050   __STACK_SIZE
0000d102   __TI_ISR_TRAP
00000001   __TI_args_main
00000001   __TI_auto_init
00000208   __TI_cleanup_ptr
0000020a   __TI_dtors_ptr
00000001   __TI_exit
0000ffe4   __TI_int02
0000ffe6   __TI_int03
0000ffea   __TI_int05
0000ffec   __TI_int06
0000ffee   __TI_int07
0000fff0   __TI_int08
0000fff2   __TI_int09
0000fff4   __TI_int10
0000fff6   __TI_int11
0000fff8   __TI_int12
0000fffa   __TI_int13
0000fffc   __TI_int14
ffffffff   __binit__
00000200   __bss__
ffffffff   __c_args__
0000d410   __cinit__
00000200   __data__
0000cfc8   __divi
0000cf26   __divli
0000d060   __divu
0000cdf0   __divul
00000200   __edata__
0000020c   __end__
0000d112   __etext__
0000c7d4   __fs_add
0000ce94   __fs_cmp
0000cbde   __fs_div
0000cf66   __fs_itof
0000cb1c   __fs_mpy
0000c7ce   __fs_sub
0000cd88   __fs_toi
0000d08c   __mpyi
0000d01a   __mpyl
ffffffff   __pinit__
0000cfc8   __remi
0000cf26   __remli
0000d060   __remu
0000cdf0   __remul
0000c000   __text__
0000cede   _auto_init
0000cff4   _c_int00
0000cff4   _c_int00_noexit
00000204   _lock
0000d110   _nop
0000fffe   _reset_vector
000003b0   _stack
0000d108   _system_pre_init
00000206   _unlock
0000d10c   abort
ffffffff   binit
0000d410   cinit
0000c8fe   drawLetter
00000200   edata
0000020c   end
0000d112   etext
0000cc78   fToC
0000cd02   fillScreen
0000d112   font
0000d0e6   func_epilog_1
0000d0e4   func_epilog_2
0000d0e2   func_epilog_3
0000d0e0   func_epilog_4
0000d0de   func_epilog_5
0000d0dc   func_epilog_6
0000d0da   func_epilog_7
0000ce48   getJSPos
0000d0ea   initClk
0000c50e   initLCD
0000cf9c   initPins
0000d040   initUSCI
0000ca1c   main
0000d0c8   memcpy
ffffffff   pinit
00000200   startX
00000202   startY
0000d076   waitMS
0000d0a0   writeLCDControl
0000d0b4   writeLCDData
0000c000   writeWords


GLOBAL SYMBOLS: SORTED BY Symbol Address 

address    name
--------   ----
00000000   IE1
00000001   IE2
00000001   __TI_args_main
00000001   __TI_auto_init
00000001   __TI_exit
00000002   IFG1
00000003   IFG2
00000010   P3REN
00000018   P3IN
00000019   P3OUT
0000001a   P3DIR
0000001b   P3SEL
00000020   P1IN
00000021   P1OUT
00000022   P1DIR
00000023   P1IFG
00000024   P1IES
00000025   P1IE
00000026   P1SEL
00000027   P1REN
00000028   P2IN
00000029   P2OUT
0000002a   P2DIR
0000002b   P2IFG
0000002c   P2IES
0000002d   P2IE
0000002e   P2SEL
0000002f   P2REN
00000041   P1SEL2
00000042   P2SEL2
00000043   P3SEL2
00000048   ADC10DTC0
00000049   ADC10DTC1
0000004a   ADC10AE0
00000050   __STACK_SIZE
00000053   BCSCTL3
00000056   DCOCTL
00000057   BCSCTL1
00000058   BCSCTL2
00000059   CACTL1
0000005a   CACTL2
0000005b   CAPD
0000005d   UCA0ABCTL
0000005e   UCA0IRTCTL
0000005f   UCA0IRRCTL
00000060   UCA0CTL0
00000061   UCA0CTL1
00000062   UCA0BR0
00000063   UCA0BR1
00000064   UCA0MCTL
00000065   UCA0STAT
00000066   UCA0RXBUF
00000067   UCA0TXBUF
00000068   UCB0CTL0
00000069   UCB0CTL1
0000006a   UCB0BR0
0000006b   UCB0BR1
0000006c   UCB0I2CIE
0000006d   UCB0STAT
0000006e   UCB0RXBUF
0000006f   UCB0TXBUF
00000118   UCB0I2COA
0000011a   UCB0I2CSA
0000011e   TA1IV
00000120   WDTCTL
00000128   FCTL1
0000012a   FCTL2
0000012c   FCTL3
0000012e   TA0IV
00000160   TA0CTL
00000162   TA0CCTL0
00000164   TA0CCTL1
00000166   TA0CCTL2
00000170   TA0R
00000172   TA0CCR0
00000174   TA0CCR1
00000176   TA0CCR2
00000180   TA1CTL
00000182   TA1CCTL0
00000184   TA1CCTL1
00000186   TA1CCTL2
00000190   TA1R
00000192   TA1CCR0
00000194   TA1CCR1
00000196   TA1CCR2
000001b0   ADC10CTL0
000001b2   ADC10CTL1
000001b4   ADC10MEM
000001bc   ADC10SA
00000200   .bss
00000200   .data
00000200   __bss__
00000200   __data__
00000200   __edata__
00000200   edata
00000200   startX
00000202   startY
00000204   _lock
00000206   _unlock
00000208   __TI_cleanup_ptr
0000020a   __TI_dtors_ptr
0000020c   __end__
0000020c   end
000003b0   _stack
00000400   __STACK_END
000010c0   TLV_CHECKSUM
000010da   TLV_ADC10_1_TAG
000010db   TLV_ADC10_1_LEN
000010f6   TLV_DCO_30_TAG
000010f7   TLV_DCO_30_LEN
000010f8   CALDCO_16MHZ
000010f9   CALBC1_16MHZ
000010fa   CALDCO_12MHZ
000010fb   CALBC1_12MHZ
000010fc   CALDCO_8MHZ
000010fd   CALBC1_8MHZ
000010fe   CALDCO_1MHZ
000010ff   CALBC1_1MHZ
0000c000   .text
0000c000   __text__
0000c000   writeWords
0000c50e   initLCD
0000c7ce   __fs_sub
0000c7d4   __fs_add
0000c8fe   drawLetter
0000ca1c   main
0000cb1c   __fs_mpy
0000cbde   __fs_div
0000cc78   fToC
0000cd02   fillScreen
0000cd88   __fs_toi
0000cdf0   __divul
0000cdf0   __remul
0000ce48   getJSPos
0000ce94   __fs_cmp
0000cede   _auto_init
0000cf26   __divli
0000cf26   __remli
0000cf66   __fs_itof
0000cf9c   initPins
0000cfc8   __divi
0000cfc8   __remi
0000cff4   _c_int00
0000cff4   _c_int00_noexit
0000d01a   __mpyl
0000d040   initUSCI
0000d060   __divu
0000d060   __remu
0000d076   waitMS
0000d08c   __mpyi
0000d0a0   writeLCDControl
0000d0b4   writeLCDData
0000d0c8   memcpy
0000d0da   func_epilog_7
0000d0dc   func_epilog_6
0000d0de   func_epilog_5
0000d0e0   func_epilog_4
0000d0e2   func_epilog_3
0000d0e4   func_epilog_2
0000d0e6   func_epilog_1
0000d0ea   initClk
0000d0f8   USCI
0000d102   __TI_ISR_TRAP
0000d108   _system_pre_init
0000d10c   C$$EXIT
0000d10c   abort
0000d110   _nop
0000d112   __etext__
0000d112   etext
0000d112   font
0000d410   __cinit__
0000d410   cinit
0000ffe4   __TI_int02
0000ffe6   __TI_int03
0000ffea   __TI_int05
0000ffec   __TI_int06
0000ffee   __TI_int07
0000fff0   __TI_int08
0000fff2   __TI_int09
0000fff4   __TI_int10
0000fff6   __TI_int11
0000fff8   __TI_int12
0000fffa   __TI_int13
0000fffc   __TI_int14
0000fffe   _reset_vector
ffffffff   __binit__
ffffffff   __c_args__
ffffffff   __pinit__
ffffffff   binit
ffffffff   pinit

[190 symbols]
